Component: ARM Compiler 5.06 update 6 (build 750) Tool: armlink [4d35ed]

==============================================================================

Section Cross References

    application.o(.text) refers to myconfig.o(.text) for EventCreate
    application.o(.text) refers to os_cpu_a.o(.text) for OS_CPU_SR_Save
    application.o(.text) refers to os_task.o(.text) for OSTaskSuspend
    application.o(.text) refers to misc.o(.text) for NVIC_PriorityGroupConfig
    application.o(.text) refers to os_core.o(.text) for OSInit
    application.o(.text) refers to myconfig.o(.bss) for START_TASK_STK
    myconfig.o(.text) refers to _printf_percent.o(.ARM.Collect$$_printf_percent$$00000000) for _printf_percent
    myconfig.o(.text) refers to _printf_d.o(.ARM.Collect$$_printf_percent$$00000009) for _printf_d
    myconfig.o(.text) refers to _printf_llu.o(.ARM.Collect$$_printf_percent$$0000000F) for _printf_llu
    myconfig.o(.text) refers to _printf_dec.o(.text) for _printf_int_dec
    myconfig.o(.text) refers to _printf_longlong_dec.o(.text) for _printf_longlong_dec
    myconfig.o(.text) refers to aeabi_memset.o(.text) for __aeabi_memset
    myconfig.o(.text) refers to os_cpu_a.o(.text) for OS_CPU_SR_Save
    myconfig.o(.text) refers to malloc.o(.text) for mymalloc
    myconfig.o(.text) refers to w25qxx_dir.o(.text) for W25QXX_Read
    myconfig.o(.text) refers to os_time.o(.text) for OSTimeDlyHMSM
    myconfig.o(.text) refers to memcmp.o(.text) for memcmp
    myconfig.o(.text) refers to delay.o(.text) for delay_init
    myconfig.o(.text) refers to beep_dri.o(.text) for Beep_Init
    myconfig.o(.text) refers to led_dri.o(.text) for Led_Init
    myconfig.o(.text) refers to stepmotor_dir.o(.text) for TIM10_Cap_Init
    myconfig.o(.text) refers to timer_dri.o(.text) for TIM7_Int_Init
    myconfig.o(.text) refers to modbus.o(.text) for Mosbus_Init
    myconfig.o(.text) refers to trackmission_dri.o(.text) for TrackCount_Load
    myconfig.o(.text) refers to can_dri.o(.text) for CAN_Software_Init
    myconfig.o(.text) refers to transitionfunction.o(.text) for Update_Limit_Count
    myconfig.o(.text) refers to stm32f4xx_tim.o(.text) for TIM_ITConfig
    myconfig.o(.text) refers to stm32f4xx_usart.o(.text) for USART_Cmd
    myconfig.o(.text) refers to stm32f4xx_gpio.o(.text) for GPIO_ResetBits
    myconfig.o(.text) refers to noretval__2printf.o(.text) for __2printf
    myconfig.o(.text) refers to os_sem.o(.text) for OSSemCreate
    myconfig.o(.text) refers to os_mbox.o(.text) for OSMboxCreate
    myconfig.o(.text) refers to os_q.o(.text) for OSQCreate
    myconfig.o(.text) refers to globaldata.o(.data) for TranferSpeed
    myconfig.o(.text) refers to globaldata.o(.bss) for ControlMessage
    myconfig.o(.text) refers to stepmotor_dir.o(.data) for ZeroDirction
    myconfig.o(.text) refers to modbus_app.o(.data) for ModBusFlagSem
    myconfig.o(.text) refers to trackmission_dri.o(.data) for TranPreMissionMbox
    myconfig.o(.text) refers to os_task.o(.text) for OSTaskCreate
    myconfig.o(.text) refers to myconfig.o(.ARM.__AT_0x10005500) for RUN_TASK_STK
    myconfig.o(.text) refers to led_app.o(.text) for RUN_Task
    myconfig.o(.text) refers to myconfig.o(.ARM.__AT_0x10005D00) for CAN2_TASK_STK
    myconfig.o(.text) refers to can_app.o(.text) for CAN2_Task
    myconfig.o(.text) refers to myconfig.o(.ARM.__AT_0x10006500) for CAN2ACK_TASK_STK
    myconfig.o(.text) refers to myconfig.o(.ARM.__AT_0x10006D00) for CAN2ACT_TASK_STK
    myconfig.o(.text) refers to myconfig.o(.ARM.__AT_0x10007D00) for LED_TASK_STK
    myconfig.o(.text) refers to myconfig.o(.ARM.__AT_0x10007500) for STEPMOTOR_TASK_STK
    myconfig.o(.text) refers to stepmotor_app.o(.text) for STEPMOTOR_Task
    myconfig.o(.text) refers to myconfig.o(.ARM.__AT_0x10008500) for TRANSLOCATION_TASK_STK
    myconfig.o(.text) refers to myconfig.o(.ARM.__AT_0x10008D00) for MISSIONANALYSE_TASK_STK
    myconfig.o(.text) refers to trackmission_app.o(.text) for MissionAnalyse_Task
    myconfig.o(.text) refers to myconfig.o(.ARM.__AT_0x10009D00) for CAN2Send_TASK_STK
    myconfig.o(.text) refers to myconfig.o(.ARM.__AT_0x1000A500) for CARAPPLYCHANGE_TASK_STK
    myconfig.o(.text) refers to myconfig.o(.ARM.__AT_0x1000AD00) for FINDZERO_TASK_STK
    myconfig.o(.text) refers to myconfig.o(.ARM.__AT_0x1000B500) for TRANSPERMI_TASK_STK
    myconfig.o(.text) refers to myconfig.o(.ARM.__AT_0x1000BD00) for HEARTBEAT_TASK_STK
    myconfig.o(.text) refers to timer_app.o(.text) for HEARBEAT_TASK
    myconfig.o(.text) refers to myconfig.o(.ARM.__AT_0x1000C500) for MODBUS_TASK_STK
    myconfig.o(.text) refers to modbus_app.o(.text) for MODBUS_Task
    myconfig.o(.text) refers to myconfig.o(.ARM.__AT_0x1000CD00) for STATE_TASK_STK
    myconfig.o(.text) refers to state_app.o(.text) for STATE_Task
    myconfig.o(.text) refers to myconfig.o(.conststring) for .conststring
    system_stm32f4xx.o(.text) refers to system_stm32f4xx.o(.data) for SystemCoreClock
[...]
    delay_ms                                 0x08006ea1   Thumb Code    66  delay.o(.text)
    _sys_exit                                0x08006ef5   Thumb Code     4  usart.o(.text)
    fputc                                    0x08006ef9   Thumb Code    24  usart.o(.text)
    uart_init                                0x08006f11   Thumb Code   164  usart.o(.text)
    USART1_IRQHandler                        0x08006fb5   Thumb Code   130  usart.o(.text)
    Reset_Handler                            0x0800704d   Thumb Code     8  startup_stm32f40_41xxx.o(.text)
    ADC_IRQHandler                           0x08007067   Thumb Code     0  startup_stm32f40_41xxx.o(.text)
    CAN1_RX1_IRQHandler                      0x08007067   Thumb Code     0  startup_stm32f40_41xxx.o(.text)
    CAN1_SCE_IRQHandler                      0x08007067   Thumb Code     0  startup_stm32f40_41xxx.o(.text)
    CAN2_RX1_IRQHandler                      0x08007067   Thumb Code     0  startup_stm32f40_41xxx.o(.text)
    CAN2_SCE_IRQHandler                      0x08007067   Thumb Code     0  startup_stm32f40_41xxx.o(.text)
    CRYP_IRQHandler                          0x08007067   Thumb Code     0  startup_stm32f40_41xxx.o(.text)
    DCMI_IRQHandler                          0x08007067   Thumb Code     0  startup_stm32f40_41xxx.o(.text)
    DMA1_Stream0_IRQHandler                  0x08007067   Thumb Code     0  startup_stm32f40_41xxx.o(.text)
    DMA1_Stream1_IRQHandler                  0x08007067   Thumb Code     0  startup_stm32f40_41xxx.o(.text)
    DMA1_Stream2_IRQHandler                  0x08007067   Thumb Code     0  startup_stm32f40_41xxx.o(.text)
    DMA1_Stream3_IRQHandler                  0x08007067   Thumb Code     0  startup_stm32f40_41xxx.o(.text)
    DMA1_Stream4_IRQHandler                  0x08007067   Thumb Code     0  startup_stm32f40_41xxx.o(.text)
    DMA1_Stream5_IRQHandler                  0x08007067   Thumb Code     0  startup_stm32f40_41xxx.o(.text)
    DMA1_Stream6_IRQHandler                  0x08007067   Thumb Code     0  startup_stm32f40_41xxx.o(.text)
    DMA1_Stream7_IRQHandler                  0x08007067   Thumb Code     0  startup_stm32f40_41xxx.o(.text)
    DMA2_Stream0_IRQHandler                  0x08007067   Thumb Code     0  startup_stm32f40_41xxx.o(.text)
    DMA2_Stream1_IRQHandler                  0x08007067   Thumb Code     0  startup_stm32f40_41xxx.o(.text)
    DMA2_Stream2_IRQHandler                  0x08007067   Thumb Code     0  startup_stm32f40_41xxx.o(.text)
    DMA2_Stream3_IRQHandler                  0x08007067   Thumb Code     0  startup_stm32f40_41xxx.o(.text)
    DMA2_Stream4_IRQHandler                  0x08007067   Thumb Code     0  startup_stm32f40_41xxx.o(.text)
    DMA2_Stream5_IRQHandler                  0x08007067   Thumb Code     0  startup_stm32f40_41xxx.o(.text)
    DMA2_Stream6_IRQHandler                  0x08007067   Thumb Code     0  startup_stm32f40_41xxx.o(.text)
    DMA2_Stream7_IRQHandler                  0x08007067   Thumb Code     0  startup_stm32f40_41xxx.o(.text)
    ETH_IRQHandler                           0x08007067   Thumb Code     0  startup_stm32f40_41xxx.o(.text)
    ETH_WKUP_IRQHandler                      0x08007067   Thumb Code     0  startup_stm32f40_41xxx.o(.text)
    EXTI0_IRQHandler                         0x08007067   Thumb Code     0  startup_stm32f40_41xxx.o(.text)
    EXTI15_10_IRQHandler                     0x08007067   Thumb Code     0  startup_stm32f40_41xxx.o(.text)
    EXTI1_IRQHandler                         0x08007067   Thumb Code     0  startup_stm32f40_41xxx.o(.text)
    EXTI2_IRQHandler                         0x08007067   Thumb Code     0  startup_stm32f40_41xxx.o(.text)
    EXTI3_IRQHandler                         0x08007067   Thumb Code     0  startup_stm32f40_41xxx.o(.text)
    EXTI4_IRQHandler                         0x08007067   Thumb Code     0  startup_stm32f40_41xxx.o(.text)
    EXTI9_5_IRQHandler                       0x08007067   Thumb Code     0  startup_stm32f40_41xxx.o(.text)
    FLASH_IRQHandler                         0x08007067   Thumb Code     0  startup_stm32f40_41xxx.o(.text)
    FPU_IRQHandler                           0x08007067   Thumb Code     0  startup_stm32f40_41xxx.o(.text)
    FSMC_IRQHandler                          0x08007067   Thumb Code     0  startup_stm32f40_41xxx.o(.text)
    HASH_RNG_IRQHandler                      0x08007067   Thumb Code     0  startup_stm32f40_41xxx.o(.text)
    I2C1_ER_IRQHandler                       0x08007067   Thumb Code     0  startup_stm32f40_41xxx.o(.text)
    I2C1_EV_IRQHandler                       0x08007067   Thumb Code     0  startup_stm32f40_41xxx.o(.text)
    I2C2_ER_IRQHandler                       0x08007067   Thumb Code     0  startup_stm32f40_41xxx.o(.text)
    I2C2_EV_IRQHandler                       0x08007067   Thumb Code     0  startup_stm32f40_41xxx.o(.text)
    I2C3_ER_IRQHandler                       0x08007067   Thumb Code     0  startup_stm32f40_41xxx.o(.text)
    I2C3_EV_IRQHandler                       0x08007067   Thumb Code     0  startup_stm32f40_41xxx.o(.text)
    OTG_FS_IRQHandler                        0x08007067   Thumb Code     0  startup_stm32f40_41xxx.o(.text)
    OTG_FS_WKUP_IRQHandler                   0x08007067   Thumb Code     0  startup_stm32f40_41xxx.o(.text)
    OTG_HS_EP1_IN_IRQHandler                 0x08007067   Thumb Code     0  startup_stm32f40_41xxx.o(.text)
    OTG_HS_EP1_OUT_IRQHandler                0x08007067   Thumb Code     0  startup_stm32f40_41xxx.o(.text)
    OTG_HS_IRQHandler                        0x08007067   Thumb Code     0  startup_stm32f40_41xxx.o(.text)
    OTG_HS_WKUP_IRQHandler                   0x08007067   Thumb Code     0  startup_stm32f40_41xxx.o(.text)
    PVD_IRQHandler                           0x08007067   Thumb Code     0  startup_stm32f40_41xxx.o(.text)
    RCC_IRQHandler                           0x08007067   Thumb Code     0  startup_stm32f40_41xxx.o(.text)
    RTC_Alarm_IRQHandler                     0x08007067   Thumb Code     0  startup_stm32f40_41xxx.o(.text)
    RTC_WKUP_IRQHandler                      0x08007067   Thumb Code     0  startup_stm32f40_41xxx.o(.text)
    SDIO_IRQHandler                          0x08007067   Thumb Code     0  startup_stm32f40_41xxx.o(.text)
    SPI1_IRQHandler                          0x08007067   Thumb Code     0  startup_stm32f40_41xxx.o(.text)
    SPI2_IRQHandler                          0x08007067   Thumb Code     0  startup_stm32f40_41xxx.o(.text)
    SPI3_IRQHandler                          0x08007067   Thumb Code     0  startup_stm32f40_41xxx.o(.text)
    TAMP_STAMP_IRQHandler                    0x08007067   Thumb Code     0  startup_stm32f40_41xxx.o(.text)
    TIM1_CC_IRQHandler                       0x08007067   Thumb Code     0  startup_stm32f40_41xxx.o(.text)
    TIM1_TRG_COM_TIM11_IRQHandler            0x08007067   Thumb Code     0  startup_stm32f40_41xxx.o(.text)
    TIM4_IRQHandler                          0x08007067   Thumb Code     0  startup_stm32f40_41xxx.o(.text)
    TIM5_IRQHandler                          0x08007067   Thumb Code     0  startup_stm32f40_41xxx.o(.text)
    TIM8_BRK_TIM12_IRQHandler                0x08007067   Thumb Code     0  startup_stm32f40_41xxx.o(.text)
    TIM8_CC_IRQHandler                       0x08007067   Thumb Code     0  startup_stm32f40_41xxx.o(.text)
    TIM8_TRG_COM_TIM14_IRQHandler            0x08007067   Thumb Code     0  startup_stm32f40_41xxx.o(.text)
    TIM8_UP_TIM13_IRQHandler                 0x08007067   Thumb Code     0  startup_stm32f40_41xxx.o(.text)
    UART5_IRQHandler                         0x08007067   Thumb Code     0  startup_stm32f40_41xxx.o(.text)
    USART2_IRQHandler                        0x08007067   Thumb Code     0  startup_stm32f40_41xxx.o(.text)
    USART6_IRQHandler                        0x08007067   Thumb Code     0  startup_stm32f40_41xxx.o(.text)
    WWDG_IRQHandler                          0x08007067   Thumb Code     0  startup_stm32f40_41xxx.o(.text)
    __user_initial_stackheap                 0x08007069   Thumb Code     0  startup_stm32f40_41xxx.o(.text)
    NVIC_PriorityGroupConfig                 0x0800708d   Thumb Code    10  misc.o(.text)
    NVIC_Init                                0x08007097   Thumb Code   106  misc.o(.text)
    NVIC_SetVectorTable                      0x08007101   Thumb Code    14  misc.o(.text)
    NVIC_SystemLPConfig                      0x0800710f   Thumb Code    34  misc.o(.text)
    SysTick_CLKSourceConfig                  0x08007131   Thumb Code    40  misc.o(.text)
    GPIO_DeInit                              0x0800716d   Thumb Code   268  stm32f4xx_gpio.o(.text)
    GPIO_Init                                0x08007279   Thumb Code   144  stm32f4xx_gpio.o(.text)
    GPIO_StructInit                          0x08007309   Thumb Code    18  stm32f4xx_gpio.o(.text)
    GPIO_PinLockConfig                       0x0800731b   Thumb Code    34  stm32f4xx_gpio.o(.text)
    GPIO_ReadInputDataBit                    0x0800733d   Thumb Code    18  stm32f4xx_gpio.o(.text)
    GPIO_ReadInputData                       0x0800734f   Thumb Code     8  stm32f4xx_gpio.o(.text)
    GPIO_ReadOutputDataBit                   0x08007357   Thumb Code    18  stm32f4xx_gpio.o(.text)
    GPIO_ReadOutputData                      0x08007369   Thumb Code     8  stm32f4xx_gpio.o(.text)
    GPIO_SetBits                             0x08007371   Thumb Code     4  stm32f4xx_gpio.o(.text)
    GPIO_ResetBits                           0x08007375   Thumb Code     4  stm32f4xx_gpio.o(.text)
    GPIO_WriteBit                            0x08007379   Thumb Code    10  stm32f4xx_gpio.o(.text)
    GPIO_Write                               0x08007383   Thumb Code     4  stm32f4xx_gpio.o(.text)
    GPIO_ToggleBits                          0x08007387   Thumb Code     8  stm32f4xx_gpio.o(.text)
    GPIO_PinAFConfig                         0x0800738f   Thumb Code    70  stm32f4xx_gpio.o(.text)
    RCC_DeInit                               0x08007401   Thumb Code    82  stm32f4xx_rcc.o(.text)
    RCC_HSEConfig                            0x08007453   Thumb Code    14  stm32f4xx_rcc.o(.text)
    RCC_GetFlagStatus                        0x08007461   Thumb Code    60  stm32f4xx_rcc.o(.text)
    RCC_WaitForHSEStartUp                    0x0800749d   Thumb Code    56  stm32f4xx_rcc.o(.text)
    RCC_AdjustHSICalibrationValue            0x080074d5   Thumb Code    20  stm32f4xx_rcc.o(.text)
    RCC_HSICmd                               0x080074e9   Thumb Code     6  stm32f4xx_rcc.o(.text)
    RCC_LSEConfig                            0x080074ef   Thumb Code    46  stm32f4xx_rcc.o(.text)
    RCC_LSICmd                               0x0800751d   Thumb Code     6  stm32f4xx_rcc.o(.text)
    RCC_PLLConfig                            0x08007523   Thumb Code    32  stm32f4xx_rcc.o(.text)
    RCC_PLLCmd                               0x08007543   Thumb Code     6  stm32f4xx_rcc.o(.text)
    RCC_PLLI2SConfig                         0x08007549   Thumb Code    14  stm32f4xx_rcc.o(.text)
    RCC_PLLI2SCmd                            0x08007557   Thumb Code     6  stm32f4xx_rcc.o(.text)
    RCC_PLLSAIConfig                         0x0800755d   Thumb Code    20  stm32f4xx_rcc.o(.text)
    RCC_PLLSAICmd                            0x08007571   Thumb Code     6  stm32f4xx_rcc.o(.text)
    RCC_ClockSecuritySystemCmd               0x08007577   Thumb Code     6  stm32f4xx_rcc.o(.text)
    RCC_MCO1Config                           0x0800757d   Thumb Code    28  stm32f4xx_rcc.o(.text)
    RCC_MCO2Config                           0x08007599   Thumb Code    28  stm32f4xx_rcc.o(.text)
    RCC_SYSCLKConfig                         0x080075b5   Thumb Code    20  stm32f4xx_rcc.o(.text)
    RCC_GetSYSCLKSource                      0x080075c9   Thumb Code    12  stm32f4xx_rcc.o(.text)
    RCC_HCLKConfig                           0x080075d5   Thumb Code    20  stm32f4xx_rcc.o(.text)
    RCC_PCLK1Config                          0x080075e9   Thumb Code    20  stm32f4xx_rcc.o(.text)
    RCC_PCLK2Config                          0x080075fd   Thumb Code    22  stm32f4xx_rcc.o(.text)
    RCC_GetClocksFreq                        0x08007613   Thumb Code   222  stm32f4xx_rcc.o(.text)
    RCC_RTCCLKConfig                         0x080076f1   Thumb Code    54  stm32f4xx_rcc.o(.text)
    RCC_RTCCLKCmd                            0x08007727   Thumb Code     8  stm32f4xx_rcc.o(.text)
    RCC_BackupResetCmd                       0x0800772f   Thumb Code     8  stm32f4xx_rcc.o(.text)
    RCC_I2SCLKConfig                         0x08007737   Thumb Code     6  stm32f4xx_rcc.o(.text)
    RCC_SAIPLLI2SClkDivConfig                0x0800773d   Thumb Code    26  stm32f4xx_rcc.o(.text)
    RCC_SAIPLLSAIClkDivConfig                0x08007757   Thumb Code    28  stm32f4xx_rcc.o(.text)
    RCC_SAIBlockACLKConfig                   0x08007773   Thumb Code    20  stm32f4xx_rcc.o(.text)
    RCC_SAIBlockBCLKConfig                   0x08007787   Thumb Code    20  stm32f4xx_rcc.o(.text)
    RCC_LTDCCLKDivConfig                     0x0800779b   Thumb Code    20  stm32f4xx_rcc.o(.text)
    RCC_TIMCLKPresConfig                     0x080077af   Thumb Code     6  stm32f4xx_rcc.o(.text)
    RCC_AHB1PeriphClockCmd                   0x080077b5   Thumb Code    34  stm32f4xx_rcc.o(.text)
    RCC_AHB2PeriphClockCmd                   0x080077d7   Thumb Code    78  stm32f4xx_rcc.o(.text)
    RCC_AHB3PeriphClockCmd                   0x08007825   Thumb Code    34  stm32f4xx_rcc.o(.text)
    RCC_APB1PeriphClockCmd                   0x08007847   Thumb Code    34  stm32f4xx_rcc.o(.text)
    RCC_APB2PeriphClockCmd                   0x08007869   Thumb Code    34  stm32f4xx_rcc.o(.text)
    RCC_AHB1PeriphResetCmd                   0x0800788b   Thumb Code    34  stm32f4xx_rcc.o(.text)
    RCC_AHB2PeriphResetCmd                   0x080078ad   Thumb Code    34  stm32f4xx_rcc.o(.text)
    RCC_AHB3PeriphResetCmd                   0x080078cf   Thumb Code    34  stm32f4xx_rcc.o(.text)
    RCC_APB1PeriphResetCmd                   0x080078f1   Thumb Code    34  stm32f4xx_rcc.o(.text)
    RCC_APB2PeriphResetCmd                   0x08007913   Thumb Code    34  stm32f4xx_rcc.o(.text)
    RCC_AHB1PeriphClockLPModeCmd             0x08007935   Thumb Code    34  stm32f4xx_rcc.o(.text)
    RCC_AHB2PeriphClockLPModeCmd             0x08007957   Thumb Code    34  stm32f4xx_rcc.o(.text)
    RCC_AHB3PeriphClockLPModeCmd             0x08007979   Thumb Code    34  stm32f4xx_rcc.o(.text)
    RCC_APB1PeriphClockLPModeCmd             0x0800799b   Thumb Code    34  stm32f4xx_rcc.o(.text)
    RCC_APB2PeriphClockLPModeCmd             0x080079bd   Thumb Code    34  stm32f4xx_rcc.o(.text)
    RCC_LSEModeConfig                        0x080079df   Thumb Code    40  stm32f4xx_rcc.o(.text)
    RCC_ITConfig                             0x08007a07   Thumb Code    34  stm32f4xx_rcc.o(.text)
    RCC_ClearFlag                            0x08007a29   Thumb Code    18  stm32f4xx_rcc.o(.text)
    RCC_GetITStatus                          0x08007a3b   Thumb Code    22  stm32f4xx_rcc.o(.text)
    RCC_ClearITPendingBit                    0x08007a51   Thumb Code     8  stm32f4xx_rcc.o(.text)
    USART_DeInit                             0x08007a5d   Thumb Code   206  stm32f4xx_usart.o(.text)
    USART_Init                               0x08007b2b   Thumb Code   204  stm32f4xx_usart.o(.text)
    USART_StructInit                         0x08007bf7   Thumb Code    24  stm32f4xx_usart.o(.text)
    USART_ClockInit                          0x08007c0f   Thumb Code    32  stm32f4xx_usart.o(.text)
    USART_ClockStructInit                    0x08007c2f   Thumb Code    12  stm32f4xx_usart.o(.text)
    USART_Cmd                                0x08007c3b   Thumb Code    24  stm32f4xx_usart.o(.text)
    USART_SetPrescaler                       0x08007c53   Thumb Code    16  stm32f4xx_usart.o(.text)
    USART_OverSampling8Cmd                   0x08007c63   Thumb Code    22  stm32f4xx_usart.o(.text)
    USART_OneBitMethodCmd                    0x08007c79   Thumb Code    24  stm32f4xx_usart.o(.text)
    USART_SendData                           0x08007c91   Thumb Code     8  stm32f4xx_usart.o(.text)
    USART_ReceiveData                        0x08007c99   Thumb Code    10  stm32f4xx_usart.o(.text)
    USART_SetAddress                         0x08007ca3   Thumb Code    18  stm32f4xx_usart.o(.text)
    USART_ReceiverWakeUpCmd                  0x08007cb5   Thumb Code    24  stm32f4xx_usart.o(.text)
    USART_WakeUpConfig                       0x08007ccd   Thumb Code    18  stm32f4xx_usart.o(.text)
    USART_LINBreakDetectLengthConfig         0x08007cdf   Thumb Code    18  stm32f4xx_usart.o(.text)
    USART_LINCmd                             0x08007cf1   Thumb Code    24  stm32f4xx_usart.o(.text)
    USART_SendBreak                          0x08007d09   Thumb Code    10  stm32f4xx_usart.o(.text)
    USART_HalfDuplexCmd                      0x08007d13   Thumb Code    24  stm32f4xx_usart.o(.text)
    USART_SetGuardTime                       0x08007d2b   Thumb Code    16  stm32f4xx_usart.o(.text)
    USART_SmartCardCmd                       0x08007d3b   Thumb Code    24  stm32f4xx_usart.o(.text)
    USART_SmartCardNACKCmd                   0x08007d53   Thumb Code    24  stm32f4xx_usart.o(.text)
    USART_IrDAConfig                         0x08007d6b   Thumb Code    18  stm32f4xx_usart.o(.text)
    USART_IrDACmd                            0x08007d7d   Thumb Code    24  stm32f4xx_usart.o(.text)
    USART_DMACmd                             0x08007d95   Thumb Code    18  stm32f4xx_usart.o(.text)
    USART_ITConfig                           0x08007da7   Thumb Code    74  stm32f4xx_usart.o(.text)
    USART_GetFlagStatus                      0x08007df1   Thumb Code    26  stm32f4xx_usart.o(.text)
    USART_ClearFlag                          0x08007e0b   Thumb Code    18  stm32f4xx_usart.o(.text)
    USART_GetITStatus                        0x08007e1d   Thumb Code   118  stm32f4xx_usart.o(.text)
    USART_ClearITPendingBit                  0x08007e93   Thumb Code    30  stm32f4xx_usart.o(.text)
    CAN_DeInit                               0x08007eb1   Thumb Code    50  stm32f4xx_can.o(.text)
    CAN_Init                                 0x08007ee3   Thumb Code   276  stm32f4xx_can.o(.text)
    CAN_FilterInit                           0x08007ff7   Thumb Code   226  stm32f4xx_can.o(.text)
    CAN_StructInit                           0x080080d9   Thumb Code    32  stm32f4xx_can.o(.text)
    CAN_SlaveStartBank                       0x080080f9   Thumb Code    48  stm32f4xx_can.o(.text)
    CAN_DBGFreeze                            0x08008129   Thumb Code    22  stm32f4xx_can.o(.text)
    CAN_TTComModeCmd                         0x0800813f   Thumb Code   118  stm32f4xx_can.o(.text)
    CAN_Transmit                             0x080081b5   Thumb Code   274  stm32f4xx_can.o(.text)
    CAN_TransmitStatus                       0x080082c7   Thumb Code   138  stm32f4xx_can.o(.text)
    CAN_CancelTransmit                       0x08008351   Thumb Code    48  stm32f4xx_can.o(.text)
    CAN_Receive                              0x08008381   Thumb Code   240  stm32f4xx_can.o(.text)
    CAN_FIFORelease                          0x08008471   Thumb Code    22  stm32f4xx_can.o(.text)
    CAN_MessagePending                       0x08008487   Thumb Code    30  stm32f4xx_can.o(.text)
    CAN_OperatingModeRequest                 0x080084a5   Thumb Code   162  stm32f4xx_can.o(.text)
    CAN_Sleep                                0x08008547   Thumb Code    30  stm32f4xx_can.o(.text)
    CAN_WakeUp                               0x08008565   Thumb Code    48  stm32f4xx_can.o(.text)
    CAN_GetLastErrorCode                     0x08008595   Thumb Code    12  stm32f4xx_can.o(.text)
    CAN_GetReceiveErrorCounter               0x080085a1   Thumb Code    10  stm32f4xx_can.o(.text)
    CAN_GetLSBTransmitErrorCounter           0x080085ab   Thumb Code    12  stm32f4xx_can.o(.text)
    CAN_ITConfig                             0x080085b7   Thumb Code    18  stm32f4xx_can.o(.text)
    CAN_GetFlagStatus                        0x080085c9   Thumb Code   120  stm32f4xx_can.o(.text)
    CAN_ClearFlag                            0x08008641   Thumb Code    52  stm32f4xx_can.o(.text)
    CAN_GetITStatus                          0x08008687   Thumb Code   308  stm32f4xx_can.o(.text)
    CAN_ClearITPendingBit                    0x080087bb   Thumb Code   162  stm32f4xx_can.o(.text)
    TIM_DeInit                               0x08008861   Thumb Code   346  stm32f4xx_tim.o(.text)
    TIM_TimeBaseInit                         0x080089bb   Thumb Code   104  stm32f4xx_tim.o(.text)
    TIM_TimeBaseStructInit                   0x08008a23   Thumb Code    18  stm32f4xx_tim.o(.text)
    TIM_PrescalerConfig                      0x08008a35   Thumb Code     6  stm32f4xx_tim.o(.text)
    TIM_CounterModeConfig                    0x08008a3b   Thumb Code    18  stm32f4xx_tim.o(.text)
    TIM_SetCounter                           0x08008a4d   Thumb Code     4  stm32f4xx_tim.o(.text)
    TIM_SetAutoreload                        0x08008a51   Thumb Code     4  stm32f4xx_tim.o(.text)
    TIM_GetCounter                           0x08008a55   Thumb Code     6  stm32f4xx_tim.o(.text)
    TIM_GetPrescaler                         0x08008a5b   Thumb Code     6  stm32f4xx_tim.o(.text)
    TIM_UpdateDisableConfig                  0x08008a61   Thumb Code    24  stm32f4xx_tim.o(.text)
    TIM_UpdateRequestConfig                  0x08008a79   Thumb Code    24  stm32f4xx_tim.o(.text)
    TIM_ARRPreloadConfig                     0x08008a91   Thumb Code    24  stm32f4xx_tim.o(.text)
    TIM_SelectOnePulseMode                   0x08008aa9   Thumb Code    18  stm32f4xx_tim.o(.text)
    TIM_SetClockDivision                     0x08008abb   Thumb Code    18  stm32f4xx_tim.o(.text)
    TIM_Cmd                                  0x08008acd   Thumb Code    24  stm32f4xx_tim.o(.text)
    TIM_OC1Init                              0x08008ae5   Thumb Code   114  stm32f4xx_tim.o(.text)
    TIM_OC2Init                              0x08008b57   Thumb Code   154  stm32f4xx_tim.o(.text)
    TIM_OC3Init                              0x08008bf1   Thumb Code   204  stm32f4xx_tim.o(.text)
    TIM_OC4Init                              0x08008cbd   Thumb Code   112  stm32f4xx_tim.o(.text)
    TIM_OCStructInit                         0x08008d2d   Thumb Code    20  stm32f4xx_tim.o(.text)
    TIM_SelectOCxM                           0x08008d41   Thumb Code    86  stm32f4xx_tim.o(.text)
    TIM_SetCompare1                          0x08008d97   Thumb Code     4  stm32f4xx_tim.o(.text)
    TIM_SetCompare2                          0x08008d9b   Thumb Code     4  stm32f4xx_tim.o(.text)
    TIM_SetCompare3                          0x08008d9f   Thumb Code     4  stm32f4xx_tim.o(.text)
    TIM_SetCompare4                          0x08008da3   Thumb Code     4  stm32f4xx_tim.o(.text)
    TIM_ForcedOC1Config                      0x08008da7   Thumb Code    18  stm32f4xx_tim.o(.text)
    TIM_ForcedOC2Config                      0x08008db9   Thumb Code    26  stm32f4xx_tim.o(.text)
    TIM_ForcedOC3Config                      0x08008dd3   Thumb Code    18  stm32f4xx_tim.o(.text)
    TIM_ForcedOC4Config                      0x08008de5   Thumb Code    26  stm32f4xx_tim.o(.text)
    TIM_OC1PreloadConfig                     0x08008dff   Thumb Code    18  stm32f4xx_tim.o(.text)
    TIM_OC2PreloadConfig                     0x08008e11   Thumb Code    26  stm32f4xx_tim.o(.text)
    TIM_OC3PreloadConfig                     0x08008e2b   Thumb Code    18  stm32f4xx_tim.o(.text)
    TIM_OC4PreloadConfig                     0x08008e3d   Thumb Code    26  stm32f4xx_tim.o(.text)
    TIM_OC1FastConfig                        0x08008e57   Thumb Code    18  stm32f4xx_tim.o(.text)
    TIM_OC2FastConfig                        0x08008e69   Thumb Code    26  stm32f4xx_tim.o(.text)
    TIM_OC3FastConfig                        0x08008e83   Thumb Code    18  stm32f4xx_tim.o(.text)
    TIM_OC4FastConfig                        0x08008e95   Thumb Code    26  stm32f4xx_tim.o(.text)
    TIM_ClearOC1Ref                          0x08008eaf   Thumb Code    18  stm32f4xx_tim.o(.text)
    TIM_ClearOC2Ref                          0x08008ec1   Thumb Code    24  stm32f4xx_tim.o(.text)
    TIM_ClearOC3Ref                          0x08008ed9   Thumb Code    18  stm32f4xx_tim.o(.text)
    TIM_ClearOC4Ref                          0x08008eeb   Thumb Code    24  stm32f4xx_tim.o(.text)
    TIM_OC1PolarityConfig                    0x08008f03   Thumb Code    18  stm32f4xx_tim.o(.text)
    TIM_OC1NPolarityConfig                   0x08008f15   Thumb Code    18  stm32f4xx_tim.o(.text)
    TIM_OC2PolarityConfig                    0x08008f27   Thumb Code    26  stm32f4xx_tim.o(.text)
    TIM_OC2NPolarityConfig                   0x08008f41   Thumb Code    26  stm32f4xx_tim.o(.text)
    TIM_OC3PolarityConfig                    0x08008f5b   Thumb Code    26  stm32f4xx_tim.o(.text)
    TIM_OC3NPolarityConfig                   0x08008f75   Thumb Code    26  stm32f4xx_tim.o(.text)
    TIM_OC4PolarityConfig                    0x08008f8f   Thumb Code    26  stm32f4xx_tim.o(.text)
    TIM_CCxCmd                               0x08008fa9   Thumb Code    30  stm32f4xx_tim.o(.text)
    TIM_CCxNCmd                              0x08008fc7   Thumb Code    30  stm32f4xx_tim.o(.text)
    TIM_SetIC4Prescaler                      0x08008fe5   Thumb Code    26  stm32f4xx_tim.o(.text)
    TIM_SetIC3Prescaler                      0x0800904f   Thumb Code    18  stm32f4xx_tim.o(.text)
    TIM_SetIC2Prescaler                      0x080090a9   Thumb Code    26  stm32f4xx_tim.o(.text)
    TIM_SetIC1Prescaler                      0x0800911d   Thumb Code    18  stm32f4xx_tim.o(.text)
    TIM_ICInit                               0x08009169   Thumb Code   110  stm32f4xx_tim.o(.text)
    TIM_ICStructInit                         0x080091d7   Thumb Code    18  stm32f4xx_tim.o(.text)
    TIM_PWMIConfig                           0x080091e9   Thumb Code   124  stm32f4xx_tim.o(.text)
    TIM_GetCapture1                          0x08009265   Thumb Code     6  stm32f4xx_tim.o(.text)
    TIM_GetCapture2                          0x0800926b   Thumb Code     6  stm32f4xx_tim.o(.text)
    TIM_GetCapture3                          0x08009271   Thumb Code     6  stm32f4xx_tim.o(.text)
    TIM_GetCapture4                          0x08009277   Thumb Code     6  stm32f4xx_tim.o(.text)
    TIM_BDTRConfig                           0x0800927d   Thumb Code    32  stm32f4xx_tim.o(.text)
    TIM_BDTRStructInit                       0x0800929d   Thumb Code    18  stm32f4xx_tim.o(.text)
    TIM_CtrlPWMOutputs                       0x080092af   Thumb Code    30  stm32f4xx_tim.o(.text)
    TIM_SelectCOM                            0x080092cd   Thumb Code    24  stm32f4xx_tim.o(.text)
    TIM_CCPreloadControl                     0x080092e5   Thumb Code    24  stm32f4xx_tim.o(.text)
    TIM_ITConfig                             0x080092fd   Thumb Code    18  stm32f4xx_tim.o(.text)
    TIM_GenerateEvent                        0x0800930f   Thumb Code     4  stm32f4xx_tim.o(.text)
    TIM_GetFlagStatus                        0x08009313   Thumb Code    18  stm32f4xx_tim.o(.text)
    TIM_ClearFlag                            0x08009325   Thumb Code     6  stm32f4xx_tim.o(.text)
    TIM_GetITStatus                          0x0800932b   Thumb Code    34  stm32f4xx_tim.o(.text)
    TIM_ClearITPendingBit                    0x0800934d   Thumb Code     6  stm32f4xx_tim.o(.text)
    TIM_DMAConfig                            0x08009353   Thumb Code    10  stm32f4xx_tim.o(.text)
    TIM_DMACmd                               0x0800935d   Thumb Code    18  stm32f4xx_tim.o(.text)
    TIM_SelectCCDMA                          0x0800936f   Thumb Code    24  stm32f4xx_tim.o(.text)
    TIM_InternalClockConfig                  0x08009387   Thumb Code    12  stm32f4xx_tim.o(.text)
    TIM_SelectInputTrigger                   0x08009393   Thumb Code    18  stm32f4xx_tim.o(.text)
    TIM_ITRxExternalClockConfig              0x080093a5   Thumb Code    24  stm32f4xx_tim.o(.text)
    TIM_TIxExternalClockConfig               0x080093bd   Thumb Code    62  stm32f4xx_tim.o(.text)
    TIM_ETRConfig                            0x080093fb   Thumb Code    28  stm32f4xx_tim.o(.text)
    TIM_ETRClockMode1Config                  0x08009417   Thumb Code    54  stm32f4xx_tim.o(.text)
    TIM_ETRClockMode2Config                  0x0800944d   Thumb Code    32  stm32f4xx_tim.o(.text)
    TIM_SelectOutputTrigger                  0x0800946d   Thumb Code    18  stm32f4xx_tim.o(.text)
    TIM_SelectSlaveMode                      0x0800947f   Thumb Code    18  stm32f4xx_tim.o(.text)
    TIM_SelectMasterSlaveMode                0x08009491   Thumb Code    18  stm32f4xx_tim.o(.text)
    TIM_EncoderInterfaceConfig               0x080094a3   Thumb Code    66  stm32f4xx_tim.o(.text)
    TIM_SelectHallSensor                     0x080094e5   Thumb Code    24  stm32f4xx_tim.o(.text)
    TIM_RemapConfig                          0x080094fd   Thumb Code     6  stm32f4xx_tim.o(.text)
    SPI_I2S_DeInit                           0x08009505   Thumb Code   152  stm32f4xx_spi.o(.text)
    SPI_Init                                 0x0800959d   Thumb Code    60  stm32f4xx_spi.o(.text)
    I2S_Init                                 0x080095d9   Thumb Code   396  stm32f4xx_spi.o(.text)
    SPI_StructInit                           0x08009765   Thumb Code    24  stm32f4xx_spi.o(.text)
    I2S_StructInit                           0x0800977d   Thumb Code    20  stm32f4xx_spi.o(.text)
    SPI_Cmd                                  0x08009791   Thumb Code    24  stm32f4xx_spi.o(.text)
    I2S_Cmd                                  0x080097a9   Thumb Code    24  stm32f4xx_spi.o(.text)
    SPI_DataSizeConfig                       0x080097c1   Thumb Code    18  stm32f4xx_spi.o(.text)
    SPI_BiDirectionalLineConfig              0x080097d3   Thumb Code    28  stm32f4xx_spi.o(.text)
    SPI_NSSInternalSoftwareConfig            0x080097ef   Thumb Code    30  stm32f4xx_spi.o(.text)
    SPI_SSOutputCmd                          0x0800980d   Thumb Code    24  stm32f4xx_spi.o(.text)
    SPI_TIModeCmd                            0x08009825   Thumb Code    24  stm32f4xx_spi.o(.text)
    I2S_FullDuplexConfig                     0x0800983d   Thumb Code    80  stm32f4xx_spi.o(.text)
    SPI_I2S_ReceiveData                      0x0800988d   Thumb Code     6  stm32f4xx_spi.o(.text)
    SPI_I2S_SendData                         0x08009893   Thumb Code     4  stm32f4xx_spi.o(.text)
    SPI_CalculateCRC                         0x08009897   Thumb Code    24  stm32f4xx_spi.o(.text)
    SPI_TransmitCRC                          0x080098af   Thumb Code    10  stm32f4xx_spi.o(.text)
    SPI_GetCRC                               0x080098b9   Thumb Code    16  stm32f4xx_spi.o(.text)
    SPI_GetCRCPolynomial                     0x080098c9   Thumb Code     6  stm32f4xx_spi.o(.text)
    SPI_I2S_DMACmd                           0x080098cf   Thumb Code    18  stm32f4xx_spi.o(.text)
    SPI_I2S_ITConfig                         0x080098e1   Thumb Code    68  stm32f4xx_spi.o(.text)
    SPI_I2S_GetFlagStatus                    0x08009925   Thumb Code    18  stm32f4xx_spi.o(.text)
    SPI_I2S_ClearFlag                        0x08009937   Thumb Code     6  stm32f4xx_spi.o(.text)
    SPI_I2S_GetITStatus                      0x0800993d   Thumb Code    52  stm32f4xx_spi.o(.text)
    SPI_I2S_ClearITPendingBit                0x08009971   Thumb Code    20  stm32f4xx_spi.o(.text)
    OS_TaskStatStkChk                        0x08009985   Thumb Code    54  os_core.o(.text)
    OS_TaskStat                              0x080099bb   Thumb Code   116  os_core.o(.text)
    OS_TaskIdle                              0x08009a63   Thumb Code    34  os_core.o(.text)
    OS_MemClr                                0x08009ab9   Thumb Code    18  os_core.o(.text)
    OSInit                                   0x08009bd9   Thumb Code    40  os_core.o(.text)
    OSIntEnter                               0x08009c01   Thumb Code    28  os_core.o(.text)
    OSIntExit                                0x08009c37   Thumb Code   112  os_core.o(.text)
    OSSchedLock                              0x08009ca7   Thumb Code    50  os_core.o(.text)
    OS_Sched                                 0x08009cd9   Thumb Code    88  os_core.o(.text)
    OSSchedUnlock                            0x08009d31   Thumb Code   236  os_core.o(.text)
    OSStart                                  0x08009e1d   Thumb Code    48  os_core.o(.text)
    OSStatInit                               0x08009e4d   Thumb Code    62  os_core.o(.text)
    OSTimeTick                               0x08009e8b   Thumb Code   210  os_core.o(.text)
    OSVersion                                0x08009f5d   Thumb Code     6  os_core.o(.text)
    OS_Dummy                                 0x08009f63   Thumb Code     2  os_core.o(.text)
    OS_EventTaskRemove                       0x08009f65   Thumb Code    42  os_core.o(.text)
    OS_EventTaskRdy                          0x08009f8f   Thumb Code   114  os_core.o(.text)
    OS_EventTaskWait                         0x0800a001   Thumb Code   112  os_core.o(.text)
    OS_EventWaitListInit                     0x0800a071   Thumb Code    28  os_core.o(.text)
    OS_MemCopy                               0x0800a08d   Thumb Code    20  os_core.o(.text)
    OS_StrLen                                0x0800a0a1   Thumb Code    20  os_core.o(.text)
    OS_TCBInit                               0x0800a0b5   Thumb Code   274  os_core.o(.text)
    OSMboxAccept                             0x0800a20d   Thumb Code    38  os_mbox.o(.text)
    OSMboxCreate                             0x0800a233   Thumb Code    68  os_mbox.o(.text)
    OSMboxDel                                0x0800a277   Thumb Code   200  os_mbox.o(.text)
    OSMboxPend                               0x0800a33f   Thumb Code   246  os_mbox.o(.text)
    OSMboxPendAbort                          0x0800a435   Thumb Code   128  os_mbox.o(.text)
    OSMboxPost                               0x0800a4b5   Thumb Code    80  os_mbox.o(.text)
    OSMboxPostOpt                            0x0800a505   Thumb Code   120  os_mbox.o(.text)
    OSMboxQuery                              0x0800a57d   Thumb Code    76  os_mbox.o(.text)
    OSQAccept                                0x0800a5d9   Thumb Code    88  os_q.o(.text)
    OSQCreate                                0x0800a631   Thumb Code   140  os_q.o(.text)
    OSQDel                                   0x0800a6bd   Thumb Code   236  os_q.o(.text)
    OSQFlush                                 0x0800a7a9   Thumb Code    36  os_q.o(.text)
    OSQPend                                  0x0800a7cd   Thumb Code   272  os_q.o(.text)
    OSQPendAbort                             0x0800a8dd   Thumb Code   128  os_q.o(.text)
    OSQPost                                  0x0800a95d   Thumb Code   114  os_q.o(.text)
    OSQPostFront                             0x0800a9cf   Thumb Code   136  os_q.o(.text)
    OSQPostOpt                               0x0800aa57   Thumb Code   182  os_q.o(.text)
    OSQQuery                                 0x0800ab0d   Thumb Code    98  os_q.o(.text)
    OS_QInit                                 0x0800ab6f   Thumb Code    72  os_q.o(.text)
    OSSemAccept                              0x0800abc1   Thumb Code    42  os_sem.o(.text)
    OSSemCreate                              0x0800abeb   Thumb Code    68  os_sem.o(.text)
    OSSemDel                                 0x0800ac2f   Thumb Code   200  os_sem.o(.text)
    OSSemPend                                0x0800acf7   Thumb Code   222  os_sem.o(.text)
    OSSemPendAbort                           0x0800add5   Thumb Code   128  os_sem.o(.text)
    OSSemPost                                0x0800ae55   Thumb Code    88  os_sem.o(.text)
    OSSemQuery                               0x0800aead   Thumb Code    76  os_sem.o(.text)
    OSSemSet                                 0x0800aef9   Thumb Code    66  os_sem.o(.text)
    OSTaskChangePrio                         0x0800af4d   Thumb Code   308  os_task.o(.text)
    OSTaskCreate                             0x0800b081   Thumb Code   148  os_task.o(.text)
    OS_TaskStkClr                            0x0800b115   Thumb Code    26  os_task.o(.text)
    OSTaskCreateExt                          0x0800b12f   Thumb Code   170  os_task.o(.text)
    OSTaskDel                                0x0800b1d9   Thumb Code   280  os_task.o(.text)
    OSTaskDelReq                             0x0800b2f1   Thumb Code   144  os_task.o(.text)
    OSTaskNameGet                            0x0800b381   Thumb Code   114  os_task.o(.text)
    OSTaskNameSet                            0x0800b3f3   Thumb Code    98  os_task.o(.text)
    OSTaskResume                             0x0800b455   Thumb Code   154  os_task.o(.text)
    OSTaskStkChk                             0x0800b4ef   Thumb Code   132  os_task.o(.text)
    OSTaskSuspend                            0x0800b573   Thumb Code   152  os_task.o(.text)
    OSTaskQuery                              0x0800b60b   Thumb Code    82  os_task.o(.text)
    OSTaskRegGet                             0x0800b65d   Thumb Code    60  os_task.o(.text)
    OSTaskRegSet                             0x0800b699   Thumb Code    62  os_task.o(.text)
    OS_TaskReturn                            0x0800b6d7   Thumb Code    18  os_task.o(.text)
    OSTimeDly                                0x0800b701   Thumb Code   100  os_time.o(.text)
    OSTimeDlyHMSM                            0x0800b765   Thumb Code    86  os_time.o(.text)
    OSTimeDlyResume                          0x0800b7bb   Thumb Code   168  os_time.o(.text)
    OSTimeGet                                0x0800b863   Thumb Code    24  os_time.o(.text)
    OSTimeSet                                0x0800b87b   Thumb Code    24  os_time.o(.text)
    OSInitHookBegin                          0x0800b8b1   Thumb Code     2  os_cpu_c.o(.text)
    OSInitHookEnd                            0x0800b8b3   Thumb Code     2  os_cpu_c.o(.text)
    OSTaskCreateHook                         0x0800b8b5   Thumb Code     2  os_cpu_c.o(.text)
    OSTaskDelHook                            0x0800b8b7   Thumb Code     2  os_cpu_c.o(.text)
    OSTaskIdleHook                           0x0800b8b9   Thumb Code     2  os_cpu_c.o(.text)
    OSTaskStatHook                           0x0800b8bb   Thumb Code     2  os_cpu_c.o(.text)
    OSTaskStkInit                            0x0800b8bd   Thumb Code   426  os_cpu_c.o(.text)
    OSTaskSwHook                             0x0800ba67   Thumb Code     2  os_cpu_c.o(.text)
    OSTCBInitHook                            0x0800ba69   Thumb Code     2  os_cpu_c.o(.text)
    OSTimeTickHook                           0x0800ba6b   Thumb Code     2  os_cpu_c.o(.text)
    OSTaskReturnHook                         0x0800ba6d   Thumb Code     2  os_cpu_c.o(.text)
    OS_CPU_SR_Save                           0x0800ba75   Thumb Code     0  os_cpu_a.o(.text)
    OS_CPU_SR_Restore                        0x0800ba7d   Thumb Code     0  os_cpu_a.o(.text)
    OSStartHighRdy                           0x0800ba83   Thumb Code     0  os_cpu_a.o(.text)
    OSCtxSw                                  0x0800baa7   Thumb Code     0  os_cpu_a.o(.text)
    OSIntCtxSw                               0x0800bab5   Thumb Code     0  os_cpu_a.o(.text)
    PendSV_Handler                           0x0800bac5   Thumb Code     0  os_cpu_a.o(.text)
    __use_no_semihosting                     0x0800bb3d   Thumb Code     2  use_no_semi_2.o(.text)
    __2printf                                0x0800bb41   Thumb Code    20  noretval__2printf.o(.text)
    _printf_int_dec                          0x0800bb59   Thumb Code   104  _printf_dec.o(.text)
    _printf_longlong_dec                     0x0800bbd1   Thumb Code   108  _printf_longlong_dec.o(.text)
    __printf                                 0x0800bc4d   Thumb Code   184  __printf_ss.o(.text)
    memcmp                                   0x0800bd05   Thumb Code    88  memcmp.o(.text)
    __aeabi_memcpy                           0x0800bd5d   Thumb Code     0  rt_memcpy_v6.o(.text)
    __rt_memcpy                              0x0800bd5d   Thumb Code   138  rt_memcpy_v6.o(.text)
    _memcpy_lastbytes                        0x0800bdc3   Thumb Code     0  rt_memcpy_v6.o(.text)
    __aeabi_memcpy4                          0x0800bde7   Thumb Code     0  rt_memcpy_w.o(.text)
    __aeabi_memcpy8                          0x0800bde7   Thumb Code     0  rt_memcpy_w.o(.text)
    __rt_memcpy_w                            0x0800bde7   Thumb Code   100  rt_memcpy_w.o(.text)
    _memcpy_lastbytes_aligned                0x0800be2f   Thumb Code     0  rt_memcpy_w.o(.text)
    __aeabi_memset                           0x0800be4b   Thumb Code    16  aeabi_memset.o(.text)
    __aeabi_memclr                           0x0800be5b   Thumb Code     0  rt_memclr.o(.text)
    __rt_memclr                              0x0800be5b   Thumb Code    68  rt_memclr.o(.text)
    _memset                                  0x0800be5f   Thumb Code     0  rt_memclr.o(.text)
    __aeabi_memclr4                          0x0800be9f   Thumb Code     0  rt_memclr_w.o(.text)
    __aeabi_memclr8                          0x0800be9f   Thumb Code     0  rt_memclr_w.o(.text)
    __rt_memclr_w                            0x0800be9f   Thumb Code    78  rt_memclr_w.o(.text)
    _memset_w                                0x0800bea3   Thumb Code     0  rt_memclr_w.o(.text)
    __use_two_region_memory                  0x0800beed   Thumb Code     2  heapauxi.o(.text)
    __rt_heap_escrow$2region                 0x0800beef   Thumb Code     2  heapauxi.o(.text)
    __rt_heap_expand$2region                 0x0800bef1   Thumb Code     2  heapauxi.o(.text)
    __I$use$semihosting                      0x0800bef3   Thumb Code     0  use_no_semi.o(.text)
    __use_no_semihosting_swi                 0x0800bef3   Thumb Code     2  use_no_semi.o(.text)
    _ll_udiv10                               0x0800bef5   Thumb Code   138  lludiv10.o(.text)
    _printf_int_common                       0x0800bf7f   Thumb Code   178  _printf_intcommon.o(.text)
    _printf_char_file                        0x0800c031   Thumb Code    32  _printf_char_file.o(.text)
    _printf_char_common                      0x0800c05f   Thumb Code    32  _printf_char_common.o(.text)
    ferror                                   0x0800c085   Thumb Code     8  ferror.o(.text)
    __user_setup_stackheap                   0x0800c08d   Thumb Code    74  sys_stackheap_outer.o(.text)
    exit                                     0x0800c0d7   Thumb Code    18  exit.o(.text)
    __user_libspace                          0x0800c0e9   Thumb Code     8  libspace.o(.text)
    __user_perproc_libspace                  0x0800c0e9   Thumb Code     0  libspace.o(.text)
    __user_perthread_libspace                0x0800c0e9   Thumb Code     0  libspace.o(.text)
    _fp_init                                 0x0800c0f1   Thumb Code    10  fpinit.o(x$fpl$fpinit)
    __fplib_config_fpu_vfp                   0x0800c0f9   Thumb Code     0  fpinit.o(x$fpl$fpinit)
    __fplib_config_pureend_doubles           0x0800c0f9   Thumb Code     0  fpinit.o(x$fpl$fpinit)
    memtblsize                               0x0800c0fc   Data          12  malloc.o(.constdata)
    memblksize                               0x0800c108   Data          12  malloc.o(.constdata)
    memsize                                  0x0800c114   Data          12  malloc.o(.constdata)
    auchCRCHi                                0x0800c120   Data         256  crc.o(.constdata)
    auchCRCLo                                0x0800c220   Data         256  crc.o(.constdata)
    OSUnMapTbl                               0x0800c320   Data         256  os_core.o(.constdata)
    Region$$Table$$Base                      0x0800c588   Number         0  anon$$obj.o(Region$$Table)
    Region$$Table$$Limit                     0x0800c5a8   Number         0  anon$$obj.o(Region$$Table)
    mem3base                                 0x10000000   Data       20480  malloc.o(.ARM.__AT_0x10000000)
    mem3mapbase                              0x10005000   Data        1280  malloc.o(.ARM.__AT_0x10005000)
    RUN_TASK_STK                             0x10005500   Data        2048  myconfig.o(.ARM.__AT_0x10005500)
    CAN2_TASK_STK                            0x10005d00   Data        2048  myconfig.o(.ARM.__AT_0x10005D00)
    CAN2ACK_TASK_STK                         0x10006500   Data        2048  myconfig.o(.ARM.__AT_0x10006500)
    CAN2ACT_TASK_STK                         0x10006d00   Data        2048  myconfig.o(.ARM.__AT_0x10006D00)
    STEPMOTOR_TASK_STK                       0x10007500   Data        2048  myconfig.o(.ARM.__AT_0x10007500)
    LED_TASK_STK                             0x10007d00   Data        2048  myconfig.o(.ARM.__AT_0x10007D00)
    TRANSLOCATION_TASK_STK                   0x10008500   Data        2048  myconfig.o(.ARM.__AT_0x10008500)
    MISSIONANALYSE_TASK_STK                  0x10008d00   Data        2048  myconfig.o(.ARM.__AT_0x10008D00)
    CARAPPLYPASS_TASK_STK                    0x10009500   Data        2048  myconfig.o(.ARM.__AT_0x10009500)
    CAN2Send_TASK_STK                        0x10009d00   Data        2048  myconfig.o(.ARM.__AT_0x10009D00)
    CARAPPLYCHANGE_TASK_STK                  0x1000a500   Data        2048  myconfig.o(.ARM.__AT_0x1000A500)
    FINDZERO_TASK_STK                        0x1000ad00   Data        2048  myconfig.o(.ARM.__AT_0x1000AD00)
    TRANSPERMI_TASK_STK                      0x1000b500   Data        2048  myconfig.o(.ARM.__AT_0x1000B500)
    HEARTBEAT_TASK_STK                       0x1000bd00   Data        2048  myconfig.o(.ARM.__AT_0x1000BD00)
    MODBUS_TASK_STK                          0x1000c500   Data        2048  myconfig.o(.ARM.__AT_0x1000C500)
    STATE_TASK_STK                           0x1000cd00   Data        2048  myconfig.o(.ARM.__AT_0x1000CD00)
    MODE_TASK_STK                            0x1000d500   Data        2048  myconfig.o(.ARM.__AT_0x1000D500)
    LastFramFlag                             0x20000000   Data           1  globaldata.o(.data)
    TranferSpeed                             0x20000001   Data           1  globaldata.o(.data)
    EnableStopButton                         0x20000002   Data           1  globaldata.o(.data)
    FindZeroCtrl                             0x20000003   Data           1  globaldata.o(.data)
    sn0                                      0x20000004   Data           4  globaldata.o(.data)
    ThisTransitionNumber                     0x20000008   Data           1  globaldata.o(.data)
    EquipmentType                            0x20000009   Data           1  globaldata.o(.data)
    Burnin                                   0x2000000a   Data           1  globaldata.o(.data)
    RTRbuf                                   0x2000000c   Data           4  globaldata.o(.data)
    printfcount                              0x20000010   Data           8  globaldata.o(.data)
    MAX_Count                                0x20000018   Data           2  globaldata.o(.data)
    MIN_Count                                0x2000001a   Data           2  globaldata.o(.data)
    Now_direction                            0x2000001c   Data           1  globaldata.o(.data)
    IsMotorRun                               0x2000001d   Data           1  globaldata.o(.data)
    ThresholdValue                           0x2000001e   Data           1  globaldata.o(.data)
    TransStatistics                          0x20000020   Data          32  globaldata.o(.data)
    alreadlyuptrack                          0x20000040   Data           1  globaldata.o(.data)
    alreadlydowntrack                        0x20000041   Data           1  globaldata.o(.data)
    FindZeroGlob                             0x20000042   Data           1  globaldata.o(.data)
    CANCommunicatMode                        0x20000043   Data           1  globaldata.o(.data)
    TransLocationQeue                        0x20000044   Data           4  globaldata.o(.data)
    CarAlreadyPassSem                        0x20000048   Data           4  globaldata.o(.data)
    CarAlreadyUpMbox                         0x2000004c   Data           4  globaldata.o(.data)
    CarAlreadyDownSem                        0x20000050   Data           4  globaldata.o(.data)
    TransFindzeroSem                         0x20000054   Data           4  globaldata.o(.data)
    AgreeChangeModeSem                       0x20000058   Data           4  globaldata.o(.data)
    ApplyChangeModeBox                       0x2000005c   Data           4  globaldata.o(.data)
    can1RecvSem                              0x20000060   Data           4  globaldata.o(.data)
    can2RecvSem                              0x20000064   Data           4  globaldata.o(.data)
    can1ActSem                               0x20000068   Data           4  globaldata.o(.data)
    can2ActSem                               0x2000006c   Data           4  globaldata.o(.data)
    can1AckSem                               0x20000070   Data           4  globaldata.o(.data)
    can2AckSem                               0x20000074   Data           4  globaldata.o(.data)
    can1CtlAckSem                            0x20000078   Data           4  globaldata.o(.data)
    can2CtlAckSem                            0x2000007c   Data           4  globaldata.o(.data)
    can1CtlResSem                            0x20000080   Data           4  globaldata.o(.data)
    can1InfoAckSem                           0x20000084   Data           4  globaldata.o(.data)
    can2InfoAckSem                           0x20000088   Data           4  globaldata.o(.data)
    can1SendSem                              0x2000008c   Data           4  globaldata.o(.data)
    can2SendSem                              0x20000090   Data           4  globaldata.o(.data)
    Can2Find0AckSem                          0x20000094   Data           4  globaldata.o(.data)
    can1Mbox                                 0x20000098   Data           4  globaldata.o(.data)
    can2Mbox                                 0x2000009c   Data           4  globaldata.o(.data)
    canCtlResMbox                            0x200000a0   Data           4  globaldata.o(.data)
    StepRunMbox                              0x200000a4   Data           4  globaldata.o(.data)
    TransStatus                              0x200000a8   Data          10  globaldata.o(.data)
    SystemCoreClock                          0x200000b4   Data           4  system_stm32f4xx.o(.data)
    AHBPrescTable                            0x200000b8   Data          16  system_stm32f4xx.o(.data)
    ModBusFlagSem                            0x200000cc   Data           4  modbus_app.o(.data)
    g_CarApplyChangedata                     0x200000d0   Data           4  trackmission_dri.o(.data)
    CarApplyPassTransMbox                    0x200000d4   Data           4  trackmission_dri.o(.data)
    CarApplyChangeTranMbox                   0x200000d8   Data           4  trackmission_dri.o(.data)
    TranPreMissionMbox                       0x200000dc   Data           4  trackmission_dri.o(.data)
    stepMotorCtlSem                          0x200000e0   Data           4  stepmotor_dir.o(.data)
    arrivePosSem                             0x200000e4   Data           4  stepmotor_dir.o(.data)
    stepFreeSem                              0x200000e8   Data           4  stepmotor_dir.o(.data)
    stepMotorCtlTime                         0x200000ec   Data           1  stepmotor_dir.o(.data)
    ZeroDirction                             0x200000ed   Data           1  stepmotor_dir.o(.data)
    PCtrl                                    0x200000ee   Data           1  stepmotor_dir.o(.data)
    NCtrl                                    0x200000ef   Data           1  stepmotor_dir.o(.data)
    CAN_threshold                            0x200000f4   Data           1  can_dri.o(.data)
    g_canDataFrame                           0x200000f8   Data           8  can_dri.o(.data)
    g_canDataAckFrame                        0x20000100   Data           8  can_dri.o(.data)
    g_canDataActFrame                        0x20000108   Data           8  can_dri.o(.data)
    g_can1SendFrame                          0x20000110   Data           4  can_dri.o(.data)
    g_can2SendFrame                          0x20000114   Data           4  can_dri.o(.data)
    can1CtlAckFrame                          0x20000118   Data           3  can_dri.o(.data)
    can1CtlResFrame                          0x2000011b   Data           3  can_dri.o(.data)
    can1InfoAckFrame                         0x2000011e   Data           3  can_dri.o(.data)
    can2InfoAckFrame                         0x20000121   Data           3  can_dri.o(.data)
    CANBprInit                               0x20000124   Data         168  can_dri.o(.data)
    BeepChirptimes                           0x200001d0   Data           2  beep_dri.o(.data)
    BeepAlwaysON                             0x200001d2   Data           1  beep_dri.o(.data)
    BeepOFFORON                              0x200001d3   Data           1  beep_dri.o(.data)
    W25QXX_TYPE                              0x200001d4   Data           2  w25qxx_dir.o(.data)
    mallco_dev                               0x200001d8   Data          36  malloc.o(.data)
    HeartBeat                                0x200001fd   Data           2  timer_dri.o(.data)
    Reg                                      0x20000200   Data          50  modbus.o(.data)
    __stdout                                 0x20000238   Data           4  usart.o(.data)
    USART_RX_STA                             0x2000023c   Data           2  usart.o(.data)
    OSCtxSwCtr                               0x20000250   Data           4  os_core.o(.data)
    OSEventFreeList                          0x20000254   Data           4  os_core.o(.data)
    OSCPUUsage                               0x20000258   Data           1  os_core.o(.data)
    OSIdleCtrMax                             0x2000025c   Data           4  os_core.o(.data)
    OSIdleCtrRun                             0x20000260   Data           4  os_core.o(.data)
    OSStatRdy                                0x20000264   Data           1  os_core.o(.data)
    OSIntNesting                             0x20000265   Data           1  os_core.o(.data)
    OSLockNesting                            0x20000266   Data           1  os_core.o(.data)
    OSPrioCur                                0x20000267   Data           1  os_core.o(.data)
    OSPrioHighRdy                            0x20000268   Data           1  os_core.o(.data)
    OSRdyGrp                                 0x20000269   Data           1  os_core.o(.data)
    OSRdyTbl                                 0x2000026a   Data           8  os_core.o(.data)
    OSRunning                                0x20000272   Data           1  os_core.o(.data)
    OSTaskCtr                                0x20000273   Data           1  os_core.o(.data)
    OSIdleCtr                                0x20000274   Data           4  os_core.o(.data)
    OSTCBCur                                 0x20000278   Data           4  os_core.o(.data)
    OSTCBFreeList                            0x2000027c   Data           4  os_core.o(.data)
    OSTCBHighRdy                             0x20000280   Data           4  os_core.o(.data)
    OSTCBList                                0x20000284   Data           4  os_core.o(.data)
    OSTickStepState                          0x20000288   Data           1  os_core.o(.data)
    OSQFreeList                              0x2000028c   Data           4  os_core.o(.data)
    OSTime                                   0x20000290   Data           4  os_core.o(.data)
    TrackCount                               0x20000294   Data         128  globaldata.o(.bss)
    TempTrackCount                           0x20000314   Data         128  globaldata.o(.bss)
    ControlMessage                           0x20000394   Data          24  globaldata.o(.bss)
    TransLocationQeutb                       0x200003ac   Data          40  globaldata.o(.bss)
    W25QXXSendBuff                           0x200003d4   Data         130  globaldata.o(.bss)
    W25QXXReceiveBuff                        0x20000456   Data         130  globaldata.o(.bss)
    DefoultTransStatus                       0x200004d8   Data          10  globaldata.o(.bss)
    START_TASK_STK                           0x200004e4   Data         512  myconfig.o(.bss)
    LED_BlinkTime                            0x2000070c   Data          10  led_dri.o(.bss)
    W25QXX_SendBuf                           0x20000716   Data        1024  w25qxx_dir.o(.bss)
    W25QXX_RecvBuf                           0x20000b16   Data        1024  w25qxx_dir.o(.bss)
    W25QXX_BUFFER                            0x20000f16   Data        4096  w25qxx_dir.o(.bss)
    mem1base                                 0x20001f20   Data       30720  malloc.o(.bss)
    mem1mapbase                              0x20009720   Data        1920  malloc.o(.bss)
    modbus                                   0x20009ea0   Data         208  modbus.o(.bss)
    USART_RX_BUF                             0x20009f70   Data         200  usart.o(.bss)
    OSEventTbl                               0x2000a038   Data         700  os_core.o(.bss)
    OSTaskStatStk                            0x2000a2f4   Data         512  os_core.o(.bss)
    OSTaskIdleStk                            0x2000a4f4   Data         512  os_core.o(.bss)
    OSTCBPrioTbl                             0x2000a6f4   Data         256  os_core.o(.bss)
    OSTCBTbl                                 0x2000a7f4   Data        1824  os_core.o(.bss)
    OSQTbl                                   0x2000af14   Data         120  os_core.o(.bss)
    __libspace_start                         0x2000af8c   Data          96  libspace.o(.bss)
    __temporary_stack_top$libspace           0x2000afec   Data           0  libspace.o(.bss)
    mem2base                                 0x68000000   Data       983040  malloc.o(.ARM.__AT_0x68000000)
    mem2mapbase                              0x680f0000   Data       61440  malloc.o(.ARM.__AT_0x680F0000)



==============================================================================

Memory Map of the image

  Image Entry point : 0x08000189

  Load Region LR_IROM1 (Base: 0x08000000, Size: 0x0000c83c, Max: 0x00100000, ABSOLUTE, COMPRESSED[0x0000c67c])

    Execution Region ER_IROM1 (Exec base: 0x08000000, Load base: 0x08000000, Size: 0x0000c5a8, Max: 0x00100000, ABSOLUTE)

    Exec Addr    Load Addr    Size         Type   Attr      Idx    E Section Name        Object

    0x08000000   0x08000000   0x00000188   Data   RO          919    RESET               startup_stm32f40_41xxx.o
    0x08000188   0x08000188   0x00000008   Code   RO         1380  * !!!main             c_w.l(__main.o)
    0x08000190   0x08000190   0x00000034   Code   RO         1553    !!!scatter          c_w.l(__scatter.o)
    0x080001c4   0x080001c4   0x0000005a   Code   RO         1551    !!dczerorl2         c_w.l(__dczerorl2.o)
    0x0800021e   0x0800021e   0x00000002   PAD
    0x08000220   0x08000220   0x0000001c   Code   RO         1555    !!handler_zi        c_w.l(__scatter_zi.o)
    0x0800023c   0x0800023c   0x00000000   Code   RO         1364    .ARM.Collect$$_printf_percent$$00000000  c_w.l(_printf_percent.o)
    0x0800023c   0x0800023c   0x0000000a   Code   RO         1392    .ARM.Collect$$_printf_percent$$00000007  c_w.l(_printf_ll.o)
    0x08000246   0x08000246   0x00000006   Code   RO         1363    .ARM.Collect$$_printf_percent$$00000009  c_w.l(_printf_d.o)
    0x0800024c   0x0800024c   0x00000006   Code   RO         1365    .ARM.Collect$$_printf_percent$$0000000F  c_w.l(_printf_llu.o)
    0x08000252   0x08000252   0x00000004   Code   RO         1391    .ARM.Collect$$_printf_percent$$00000017  c_w.l(_printf_percent_end.o)
    0x08000256   0x08000256   0x00000002   Code   RO         1425    .ARM.Collect$$libinit$$00000000  c_w.l(libinit.o)
    0x08000258   0x08000258   0x00000004   Code   RO         1431    .ARM.Collect$$libinit$$00000001  c_w.l(libinit2.o)
    0x0800025c   0x0800025c   0x00000000   Code   RO         1434    .ARM.Collect$$libinit$$00000004  c_w.l(libinit2.o)
    0x0800025c   0x0800025c   0x00000000   Code   RO         1437    .ARM.Collect$$libinit$$0000000A  c_w.l(libinit2.o)
    0x0800025c   0x0800025c   0x00000000   Code   RO         1439    .ARM.Collect$$libinit$$0000000C  c_w.l(libinit2.o)
    0x0800025c   0x0800025c   0x00000000   Code   RO         1441    .ARM.Collect$$libinit$$0000000E  c_w.l(libinit2.o)
    0x0800025c   0x0800025c   0x00000000   Code   RO         1444    .ARM.Collect$$libinit$$00000011  c_w.l(libinit2.o)
    0x0800025c   0x0800025c   0x00000000   Code   RO         1446    .ARM.Collect$$libinit$$00000013  c_w.l(libinit2.o)
    0x0800025c   0x0800025c   0x00000000   Code   RO         1448    .ARM.Collect$$libinit$$00000015  c_w.l(libinit2.o)
    0x0800025c   0x0800025c   0x00000000   Code   RO         1450    .ARM.Collect$$libinit$$00000017  c_w.l(libinit2.o)
    0x0800025c   0x0800025c   0x00000000   Code   RO         1452    .ARM.Collect$$libinit$$00000019  c_w.l(libinit2.o)
    0x0800025c   0x0800025c   0x00000000   Code   RO         1454    .ARM.Collect$$libinit$$0000001B  c_w.l(libinit2.o)
    0x0800025c   0x0800025c   0x00000000   Code   RO         1456    .ARM.Collect$$libinit$$0000001D  c_w.l(libinit2.o)
    0x0800025c   0x0800025c   0x00000000   Code   RO         1458    .ARM.Collect$$libinit$$0000001F  c_w.l(libinit2.o)
    0x0800025c   0x0800025c   0x00000000   Code   RO         1460    .ARM.Collect$$libinit$$00000021  c_w.l(libinit2.o)
    0x0800025c   0x0800025c   0x00000000   Code   RO         1462    .ARM.Collect$$libinit$$00000023  c_w.l(libinit2.o)
    0x0800025c   0x0800025c   0x00000000   Code   RO         1464    .ARM.Collect$$libinit$$00000025  c_w.l(libinit2.o)
    0x0800025c   0x0800025c   0x00000000   Code   RO         1468    .ARM.Collect$$libinit$$0000002C  c_w.l(libinit2.o)
    0x0800025c   0x0800025c   0x00000000   Code   RO         1470    .ARM.Collect$$libinit$$0000002E  c_w.l(libinit2.o)
    0x0800025c   0x0800025c   0x00000000   Code   RO         1472    .ARM.Collect$$libinit$$00000030  c_w.l(libinit2.o)
    0x0800025c   0x0800025c   0x00000000   Code   RO         1474    .ARM.Collect$$libinit$$00000032  c_w.l(libinit2.o)
    0x0800025c   0x0800025c   0x00000002   Code   RO         1475    .ARM.Collect$$libinit$$00000033  c_w.l(libinit2.o)
    0x0800025e   0x0800025e   0x00000002   Code   RO         1493    .ARM.Collect$$libshutdown$$00000000  c_w.l(libshutdown.o)
    0x08000260   0x08000260   0x00000000   Code   RO         1503    .ARM.Collect$$libshutdown$$00000002  c_w.l(libshutdown2.o)
    0x08000260   0x08000260   0x00000000   Code   RO         1505    .ARM.Collect$$libshutdown$$00000004  c_w.l(libshutdown2.o)
    0x08000260   0x08000260   0x00000000   Code   RO         1508    .ARM.Collect$$libshutdown$$00000007  c_w.l(libshutdown2.o)
    0x08000260   0x08000260   0x00000000   Code   RO         1511    .ARM.Collect$$libshutdown$$0000000A  c_w.l(libshutdown2.o)
    0x08000260   0x08000260   0x00000000   Code   RO         1513    .ARM.Collect$$libshutdown$$0000000C  c_w.l(libshutdown2.o)
    0x08000260   0x08000260   0x00000000   Code   RO         1516    .ARM.Collect$$libshutdown$$0000000F  c_w.l(libshutdown2.o)
    0x08000260   0x08000260   0x00000002   Code   RO         1517    .ARM.Collect$$libshutdown$$00000010  c_w.l(libshutdown2.o)
    0x08000262   0x08000262   0x00000000   Code   RO         1384    .ARM.Collect$$rtentry$$00000000  c_w.l(__rtentry.o)
    0x08000262   0x08000262   0x00000000   Code   RO         1394    .ARM.Collect$$rtentry$$00000002  c_w.l(__rtentry2.o)
    0x08000262   0x08000262   0x00000006   Code   RO         1406    .ARM.Collect$$rtentry$$00000004  c_w.l(__rtentry4.o)
    0x08000268   0x08000268   0x00000000   Code   RO         1396    .ARM.Collect$$rtentry$$00000009  c_w.l(__rtentry2.o)
    0x08000268   0x08000268   0x00000004   Code   RO         1397    .ARM.Collect$$rtentry$$0000000A  c_w.l(__rtentry2.o)
    0x0800026c   0x0800026c   0x00000000   Code   RO         1399    .ARM.Collect$$rtentry$$0000000C  c_w.l(__rtentry2.o)
    0x0800026c   0x0800026c   0x00000008   Code   RO         1400    .ARM.Collect$$rtentry$$0000000D  c_w.l(__rtentry2.o)
    0x08000274   0x08000274   0x00000002   Code   RO         1429    .ARM.Collect$$rtexit$$00000000  c_w.l(rtexit.o)
    0x08000276   0x08000276   0x00000000   Code   RO         1477    .ARM.Collect$$rtexit$$00000002  c_w.l(rtexit2.o)
    0x08000276   0x08000276   0x00000004   Code   RO         1478    .ARM.Collect$$rtexit$$00000003  c_w.l(rtexit2.o)
    0x0800027a   0x0800027a   0x00000006   Code   RO         1479    .ARM.Collect$$rtexit$$00000004  c_w.l(rtexit2.o)
    0x08000280   0x08000280   0x00000054   Code   RO          227    .text               application.o
    0x080002d4   0x080002d4   0x00000c80   Code   RO          262    .text               myconfig.o
    0x08000f54   0x08000f54   0x00000016   Code   RO          313    .text               stm32f4xx_it.o
    0x08000f6a   0x08000f6a   0x00000002   PAD
    0x08000f6c   0x08000f6c   0x00000210   Code   RO          362    .text               system_stm32f4xx.o
    0x0800117c   0x0800117c   0x0000106c   Code   RO          388    .text               transitionfunction.o
    0x080021e8   0x080021e8   0x000001a4   Code   RO          409    .text               can_app.o
    0x0800238c   0x0800238c   0x000000ec   Code   RO          429    .text               led_app.o
    0x08002478   0x08002478   0x0000043c   Code   RO          450    .text               stepmotor_app.o
    0x080028b4   0x080028b4   0x000009c0   Code   RO          470    .text               trackmission_app.o
    0x08003274   0x08003274   0x000000a4   Code   RO          491    .text               timer_app.o
    0x08003318   0x08003318   0x00000158   Code   RO          511    .text               modbus_app.o
    0x08003470   0x08003470   0x000000d8   Code   RO          538    .text               state_app.o
    0x08003548   0x08003548   0x00000980   Code   RO          558    .text               trackmission_dri.o
    0x08003ec8   0x08003ec8   0x00000654   Code   RO          584    .text               stepmotor_dir.o
    0x0800451c   0x0800451c   0x00001518   Code   RO          610    .text               can_dri.o
    0x08005a34   0x08005a34   0x000000d0   Code   RO          642    .text               beep_dri.o
    0x08005b04   0x08005b04   0x000003c8   Code   RO          669    .text               led_dri.o
    0x08005ecc   0x08005ecc   0x000005e8   Code   RO          696    .text               w25qxx_dir.o
    0x080064b4   0x080064b4   0x0000022c   Code   RO          723    .text               malloc.o
    0x080066e0   0x080066e0   0x0000029c   Code   RO          755    .text               uart_drv.o
    0x0800697c   0x0800697c   0x00000168   Code   RO          776    .text               timer_dri.o
    0x08006ae4   0x08006ae4   0x00000038   Code   RO          802    .text               crc.o
    0x08006b1c   0x08006b1c   0x000002b0   Code   RO          825    .text               modbus.o
    0x08006dcc   0x08006dcc   0x00000128   Code   RO          852    .text               delay.o
    0x08006ef4   0x08006ef4   0x00000158   Code   RO          888    .text               usart.o
    0x0800704c   0x0800704c   0x00000040   Code   RO          920    .text               startup_stm32f40_41xxx.o
    0x0800708c   0x0800708c   0x000000e0   Code   RO          926    .text               misc.o
    0x0800716c   0x0800716c   0x00000294   Code   RO          946    .text               stm32f4xx_gpio.o
    0x08007400   0x08007400   0x0000065c   Code   RO          966    .text               stm32f4xx_rcc.o
    0x08007a5c   0x08007a5c   0x00000454   Code   RO         1008    .text               stm32f4xx_usart.o
    0x08007eb0   0x08007eb0   0x000009b0   Code   RO         1028    .text               stm32f4xx_can.o
    0x08008860   0x08008860   0x00000ca2   Code   RO         1068    .text               stm32f4xx_tim.o
    0x08009502   0x08009502   0x00000002   PAD
    0x08009504   0x08009504   0x00000480   Code   RO         1088    .text               stm32f4xx_spi.o
    0x08009984   0x08009984   0x00000888   Code   RO         1108    .text               os_core.o
    0x0800a20c   0x0800a20c   0x000003cc   Code   RO         1150    .text               os_mbox.o
    0x0800a5d8   0x0800a5d8   0x000005e8   Code   RO         1204    .text               os_q.o
    0x0800abc0   0x0800abc0   0x0000038c   Code   RO         1224    .text               os_sem.o
    0x0800af4c   0x0800af4c   0x000007b4   Code   RO         1244    .text               os_task.o
    0x0800b700   0x0800b700   0x000001b0   Code   RO         1264    .text               os_time.o
    0x0800b8b0   0x0800b8b0   0x000001c4   Code   RO         1298    .text               os_cpu_c.o
    0x0800ba74   0x0800ba74   0x000000c8   Code   RO         1326    .text               os_cpu_a.o
    0x0800bb3c   0x0800bb3c   0x00000002   Code   RO         1331    .text               c_w.l(use_no_semi_2.o)
    0x0800bb3e   0x0800bb3e   0x00000002   PAD
    0x0800bb40   0x0800bb40   0x00000018   Code   RO         1335    .text               c_w.l(noretval__2printf.o)
    0x0800bb58   0x0800bb58   0x00000078   Code   RO         1339    .text               c_w.l(_printf_dec.o)
    0x0800bbd0   0x0800bbd0   0x0000007c   Code   RO         1341    .text               c_w.l(_printf_longlong_dec.o)
    0x0800bc4c   0x0800bc4c   0x000000b8   Code   RO         1346    .text               c_w.l(__printf_ss.o)
    0x0800bd04   0x0800bd04   0x00000058   Code   RO         1366    .text               c_w.l(memcmp.o)
    0x0800bd5c   0x0800bd5c   0x0000008a   Code   RO         1368    .text               c_w.l(rt_memcpy_v6.o)
    0x0800bde6   0x0800bde6   0x00000064   Code   RO         1370    .text               c_w.l(rt_memcpy_w.o)
    0x0800be4a   0x0800be4a   0x00000010   Code   RO         1372    .text               c_w.l(aeabi_memset.o)
    0x0800be5a   0x0800be5a   0x00000044   Code   RO         1374    .text               c_w.l(rt_memclr.o)
    0x0800be9e   0x0800be9e   0x0000004e   Code   RO         1376    .text               c_w.l(rt_memclr_w.o)
    0x0800beec   0x0800beec   0x00000006   Code   RO         1378    .text               c_w.l(heapauxi.o)
    0x0800bef2   0x0800bef2   0x00000002   Code   RO         1382    .text               c_w.l(use_no_semi.o)
    0x0800bef4   0x0800bef4   0x0000008a   Code   RO         1385    .text               c_w.l(lludiv10.o)
    0x0800bf7e   0x0800bf7e   0x000000b2   Code   RO         1387    .text               c_w.l(_printf_intcommon.o)
    0x0800c030   0x0800c030   0x00000024   Code   RO         1389    .text               c_w.l(_printf_char_file.o)
    0x0800c054   0x0800c054   0x00000030   Code   RO         1408    .text               c_w.l(_printf_char_common.o)
    0x0800c084   0x0800c084   0x00000008   Code   RO         1410    .text               c_w.l(ferror.o)
    0x0800c08c   0x0800c08c   0x0000004a   Code   RO         1414    .text               c_w.l(sys_stackheap_outer.o)
    0x0800c0d6   0x0800c0d6   0x00000012   Code   RO         1418    .text               c_w.l(exit.o)
    0x0800c0e8   0x0800c0e8   0x00000008   Code   RO         1426    .text               c_w.l(libspace.o)
    0x0800c0f0   0x0800c0f0   0x0000000a   Code   RO         1485    x$fpl$fpinit        fz_wm.l(fpinit.o)
    0x0800c0fa   0x0800c0fa   0x00000002   PAD
    0x0800c0fc   0x0800c0fc   0x00000024   Data   RO          729    .constdata          malloc.o
    0x0800c120   0x0800c120   0x00000200   Data   RO          803    .constdata          crc.o
    0x0800c320   0x0800c320   0x00000100   Data   RO         1110    .constdata          os_core.o
    0x0800c420   0x0800c420   0x0000009b   Data   RO          281    .conststring        myconfig.o
    0x0800c4bb   0x0800c4bb   0x00000001   PAD
    0x0800c4bc   0x0800c4bc   0x00000043   Data   RO          430    .conststring        led_app.o
    0x0800c4ff   0x0800c4ff   0x00000001   PAD
    0x0800c500   0x0800c500   0x00000086   Data   RO          471    .conststring        trackmission_app.o
    0x0800c586   0x0800c586   0x00000002   PAD
    0x0800c588   0x0800c588   0x00000020   Data   RO         1549    Region$$Table       anon$$obj.o


    Execution Region RW_IRAM1 (Exec base: 0x20000000, Load base: 0x0800c5a8, Size: 0x0000b5f0, Max: 0x00020000, ABSOLUTE, COMPRESSED[0x000000d4])

    Exec Addr    Load Addr    Size         Type   Attr      Idx    E Section Name        Object

    0x20000000   COMPRESSED   0x000000b2   Data   RW            4    .data               globaldata.o
    0x200000b2   COMPRESSED   0x00000002   PAD
    0x200000b4   COMPRESSED   0x00000014   Data   RW          363    .data               system_stm32f4xx.o
    0x200000c8   COMPRESSED   0x00000004   Data   RW          389    .data               transitionfunction.o
    0x200000cc   COMPRESSED   0x00000004   Data   RW          512    .data               modbus_app.o
    0x200000d0   COMPRESSED   0x00000010   Data   RW          559    .data               trackmission_dri.o
    0x200000e0   COMPRESSED   0x00000012   Data   RW          585    .data               stepmotor_dir.o
    0x200000f2   COMPRESSED   0x00000002   PAD
    0x200000f4   COMPRESSED   0x000000dc   Data   RW          612    .data               can_dri.o
    0x200001d0   COMPRESSED   0x00000004   Data   RW          643    .data               beep_dri.o
    0x200001d4   COMPRESSED   0x00000002   Data   RW          698    .data               w25qxx_dir.o
    0x200001d6   COMPRESSED   0x00000002   PAD
    0x200001d8   COMPRESSED   0x00000024   Data   RW          730    .data               malloc.o
    0x200001fc   COMPRESSED   0x00000001   Data   RW          756    .data               uart_drv.o
    0x200001fd   COMPRESSED   0x00000002   Data   RW          777    .data               timer_dri.o
    0x200001ff   COMPRESSED   0x00000001   PAD
    0x20000200   COMPRESSED   0x00000032   Data   RW          827    .data               modbus.o
    0x20000232   COMPRESSED   0x00000004   Data   RW          853    .data               delay.o
    0x20000236   COMPRESSED   0x00000002   PAD
    0x20000238   COMPRESSED   0x00000006   Data   RW          890    .data               usart.o
    0x2000023e   COMPRESSED   0x00000010   Data   RW          967    .data               stm32f4xx_rcc.o
    0x2000024e   COMPRESSED   0x00000002   PAD
    0x20000250   COMPRESSED   0x00000044   Data   RW         1111    .data               os_core.o
    0x20000294        -       0x0000024e   Zero   RW            3    .bss                globaldata.o
    0x200004e2   COMPRESSED   0x00000002   PAD
    0x200004e4        -       0x00000200   Zero   RW          280    .bss                myconfig.o
    0x200006e4        -       0x00000028   Zero   RW          611    .bss                can_dri.o
    0x2000070c        -       0x0000000a   Zero   RW          670    .bss                led_dri.o
    0x20000716        -       0x00001800   Zero   RW          697    .bss                w25qxx_dir.o
    0x20001f16   COMPRESSED   0x0000000a   PAD
    0x20001f20        -       0x00007f80   Zero   RW          728    .bss                malloc.o
    0x20009ea0        -       0x000000d0   Zero   RW          826    .bss                modbus.o
    0x20009f70        -       0x000000c8   Zero   RW          889    .bss                usart.o
    0x2000a038        -       0x00000f54   Zero   RW         1109    .bss                os_core.o
    0x2000af8c        -       0x00000060   Zero   RW         1427    .bss                c_w.l(libspace.o)
    0x2000afec   COMPRESSED   0x00000004   PAD
    0x2000aff0        -       0x00000200   Zero   RW          918    HEAP                startup_stm32f40_41xxx.o
    0x2000b1f0        -       0x00000400   Zero   RW          917    STACK               startup_stm32f40_41xxx.o



  Load Region LR$$.ARM.__AT_0x10000000 (Base: 0x10000000, Size: 0x00000000, Max: 0x00005000, ABSOLUTE)

    Execution Region ER$$.ARM.__AT_0x10000000 (Exec base: 0x10000000, Load base: 0x10000000, Size: 0x00005000, Max: 0x00005000, ABSOLUTE, UNINIT)

    Exec Addr    Load Addr    Size         Type   Attr      Idx    E Section Name        Object

    0x10000000        -       0x00005000   Zero   RW          724    .ARM.__AT_0x10000000  malloc.o



  Load Region LR$$.ARM.__AT_0x10005000 (Base: 0x10005000, Size: 0x00000000, Max: 0x00000500, ABSOLUTE)

    Execution Region ER$$.ARM.__AT_0x10005000 (Exec base: 0x10005000, Load base: 0x10005000, Size: 0x00000500, Max: 0x00000500, ABSOLUTE, UNINIT)

    Exec Addr    Load Addr    Size         Type   Attr      Idx    E Section Name        Object

    0x10005000        -       0x00000500   Zero   RW          725    .ARM.__AT_0x10005000  malloc.o



  Load Region LR$$.ARM.__AT_0x10005500 (Base: 0x10005500, Size: 0x00000000, Max: 0x00000800, ABSOLUTE)

    Execution Region ER$$.ARM.__AT_0x10005500 (Exec base: 0x10005500, Load base: 0x10005500, Size: 0x00000800, Max: 0x00000800, ABSOLUTE, UNINIT)

    Exec Addr    Load Addr    Size         Type   Attr      Idx    E Section Name        Object

    0x10005500        -       0x00000800   Zero   RW          263    .ARM.__AT_0x10005500  myconfig.o



  Load Region LR$$.ARM.__AT_0x10005D00 (Base: 0x10005d00, Size: 0x00000000, Max: 0x00000800, ABSOLUTE)

    Execution Region ER$$.ARM.__AT_0x10005D00 (Exec base: 0x10005d00, Load base: 0x10005d00, Size: 0x00000800, Max: 0x00000800, ABSOLUTE, UNINIT)

    Exec Addr    Load Addr    Size         Type   Attr      Idx    E Section Name        Object

    0x10005d00        -       0x00000800   Zero   RW          264    .ARM.__AT_0x10005D00  myconfig.o



  Load Region LR$$.ARM.__AT_0x10006500 (Base: 0x10006500, Size: 0x00000000, Max: 0x00000800, ABSOLUTE)

    Execution Region ER$$.ARM.__AT_0x10006500 (Exec base: 0x10006500, Load base: 0x10006500, Size: 0x00000800, Max: 0x00000800, ABSOLUTE, UNINIT)

    Exec Addr    Load Addr    Size         Type   Attr      Idx    E Section Name        Object

    0x10006500        -       0x00000800   Zero   RW          265    .ARM.__AT_0x10006500  myconfig.o



  Load Region LR$$.ARM.__AT_0x10006D00 (Base: 0x10006d00, Size: 0x00000000, Max: 0x00000800, ABSOLUTE)

    Execution Region ER$$.ARM.__AT_0x10006D00 (Exec base: 0x10006d00, Load base: 0x10006d00, Size: 0x00000800, Max: 0x00000800, ABSOLUTE, UNINIT)

    Exec Addr    Load Addr    Size         Type   Attr      Idx    E Section Name        Object

    0x10006d00        -       0x00000800   Zero   RW          266    .ARM.__AT_0x10006D00  myconfig.o



  Load Region LR$$.ARM.__AT_0x10007500 (Base: 0x10007500, Size: 0x00000000, Max: 0x00000800, ABSOLUTE)

    Execution Region ER$$.ARM.__AT_0x10007500 (Exec base: 0x10007500, Load base: 0x10007500, Size: 0x00000800, Max: 0x00000800, ABSOLUTE, UNINIT)

    Exec Addr    Load Addr    Size         Type   Attr      Idx    E Section Name        Object

    0x10007500        -       0x00000800   Zero   RW          267    .ARM.__AT_0x10007500  myconfig.o



  Load Region LR$$.ARM.__AT_0x10007D00 (Base: 0x10007d00, Size: 0x00000000, Max: 0x00000800, ABSOLUTE)

    Execution Region ER$$.ARM.__AT_0x10007D00 (Exec base: 0x10007d00, Load base: 0x10007d00, Size: 0x00000800, Max: 0x00000800, ABSOLUTE, UNINIT)

    Exec Addr    Load Addr    Size         Type   Attr      Idx    E Section Name        Object

    0x10007d00        -       0x00000800   Zero   RW          268    .ARM.__AT_0x10007D00  myconfig.o



  Load Region LR$$.ARM.__AT_0x10008500 (Base: 0x10008500, Size: 0x00000000, Max: 0x00000800, ABSOLUTE)

    Execution Region ER$$.ARM.__AT_0x10008500 (Exec base: 0x10008500, Load base: 0x10008500, Size: 0x00000800, Max: 0x00000800, ABSOLUTE, UNINIT)

    Exec Addr    Load Addr    Size         Type   Attr      Idx    E Section Name        Object

    0x10008500        -       0x00000800   Zero   RW          269    .ARM.__AT_0x10008500  myconfig.o



  Load Region LR$$.ARM.__AT_0x10008D00 (Base: 0x10008d00, Size: 0x00000000, Max: 0x00000800, ABSOLUTE)

    Execution Region ER$$.ARM.__AT_0x10008D00 (Exec base: 0x10008d00, Load base: 0x10008d00, Size: 0x00000800, Max: 0x00000800, ABSOLUTE, UNINIT)

    Exec Addr    Load Addr    Size         Type   Attr      Idx    E Section Name        Object

    0x10008d00        -       0x00000800   Zero   RW          270    .ARM.__AT_0x10008D00  myconfig.o



  Load Region LR$$.ARM.__AT_0x10009500 (Base: 0x10009500, Size: 0x00000000, Max: 0x00000800, ABSOLUTE)

    Execution Region ER$$.ARM.__AT_0x10009500 (Exec base: 0x10009500, Load base: 0x10009500, Size: 0x00000800, Max: 0x00000800, ABSOLUTE, UNINIT)

    Exec Addr    Load Addr    Size         Type   Attr      Idx    E Section Name        Object

    0x10009500        -       0x00000800   Zero   RW          271    .ARM.__AT_0x10009500  myconfig.o



  Load Region LR$$.ARM.__AT_0x10009D00 (Base: 0x10009d00, Size: 0x00000000, Max: 0x00000800, ABSOLUTE)

    Execution Region ER$$.ARM.__AT_0x10009D00 (Exec base: 0x10009d00, Load base: 0x10009d00, Size: 0x00000800, Max: 0x00000800, ABSOLUTE, UNINIT)

    Exec Addr    Load Addr    Size         Type   Attr      Idx    E Section Name        Object

    0x10009d00        -       0x00000800   Zero   RW          272    .ARM.__AT_0x10009D00  myconfig.o



  Load Region LR$$.ARM.__AT_0x1000A500 (Base: 0x1000a500, Size: 0x00000000, Max: 0x00000800, ABSOLUTE)

    Execution Region ER$$.ARM.__AT_0x1000A500 (Exec base: 0x1000a500, Load base: 0x1000a500, Size: 0x00000800, Max: 0x00000800, ABSOLUTE, UNINIT)

    Exec Addr    Load Addr    Size         Type   Attr      Idx    E Section Name        Object

    0x1000a500        -       0x00000800   Zero   RW          273    .ARM.__AT_0x1000A500  myconfig.o



  Load Region LR$$.ARM.__AT_0x1000AD00 (Base: 0x1000ad00, Size: 0x00000000, Max: 0x00000800, ABSOLUTE)

    Execution Region ER$$.ARM.__AT_0x1000AD00 (Exec base: 0x1000ad00, Load base: 0x1000ad00, Size: 0x00000800, Max: 0x00000800, ABSOLUTE, UNINIT)

    Exec Addr    Load Addr    Size         Type   Attr      Idx    E Section Name        Object

    0x1000ad00        -       0x00000800   Zero   RW          274    .ARM.__AT_0x1000AD00  myconfig.o



  Load Region LR$$.ARM.__AT_0x1000B500 (Base: 0x1000b500, Size: 0x00000000, Max: 0x00000800, ABSOLUTE)

    Execution Region ER$$.ARM.__AT_0x1000B500 (Exec base: 0x1000b500, Load base: 0x1000b500, Size: 0x00000800, Max: 0x00000800, ABSOLUTE, UNINIT)

    Exec Addr    Load Addr    Size         Type   Attr      Idx    E Section Name        Object

    0x1000b500        -       0x00000800   Zero   RW          275    .ARM.__AT_0x1000B500  myconfig.o



  Load Region LR$$.ARM.__AT_0x1000BD00 (Base: 0x1000bd00, Size: 0x00000000, Max: 0x00000800, ABSOLUTE)

    Execution Region ER$$.ARM.__AT_0x1000BD00 (Exec base: 0x1000bd00, Load base: 0x1000bd00, Size: 0x00000800, Max: 0x00000800, ABSOLUTE, UNINIT)

    Exec Addr    Load Addr    Size         Type   Attr      Idx    E Section Name        Object

    0x1000bd00        -       0x00000800   Zero   RW          276    .ARM.__AT_0x1000BD00  myconfig.o



  Load Region LR$$.ARM.__AT_0x1000C500 (Base: 0x1000c500, Size: 0x00000000, Max: 0x00000800, ABSOLUTE)

    Execution Region ER$$.ARM.__AT_0x1000C500 (Exec base: 0x1000c500, Load base: 0x1000c500, Size: 0x00000800, Max: 0x00000800, ABSOLUTE, UNINIT)

    Exec Addr    Load Addr    Size         Type   Attr      Idx    E Section Name        Object

    0x1000c500        -       0x00000800   Zero   RW          277    .ARM.__AT_0x1000C500  myconfig.o



  Load Region LR$$.ARM.__AT_0x1000CD00 (Base: 0x1000cd00, Size: 0x00000000, Max: 0x00000800, ABSOLUTE)

    Execution Region ER$$.ARM.__AT_0x1000CD00 (Exec base: 0x1000cd00, Load base: 0x1000cd00, Size: 0x00000800, Max: 0x00000800, ABSOLUTE, UNINIT)

    Exec Addr    Load Addr    Size         Type   Attr      Idx    E Section Name        Object

    0x1000cd00        -       0x00000800   Zero   RW          278    .ARM.__AT_0x1000CD00  myconfig.o



  Load Region LR$$.ARM.__AT_0x1000D500 (Base: 0x1000d500, Size: 0x00000000, Max: 0x00000800, ABSOLUTE)

    Execution Region ER$$.ARM.__AT_0x1000D500 (Exec base: 0x1000d500, Load base: 0x1000d500, Size: 0x00000800, Max: 0x00000800, ABSOLUTE, UNINIT)

    Exec Addr    Load Addr    Size         Type   Attr      Idx    E Section Name        Object

    0x1000d500        -       0x00000800   Zero   RW          279    .ARM.__AT_0x1000D500  myconfig.o



  Load Region LR$$.ARM.__AT_0x68000000 (Base: 0x68000000, Size: 0x00000000, Max: 0x000f0000, ABSOLUTE)

    Execution Region ER$$.ARM.__AT_0x68000000 (Exec base: 0x68000000, Load base: 0x68000000, Size: 0x000f0000, Max: 0x000f0000, ABSOLUTE, UNINIT)

    Exec Addr    Load Addr    Size         Type   Attr      Idx    E Section Name        Object

    0x68000000        -       0x000f0000   Zero   RW          726    .ARM.__AT_0x68000000  malloc.o



  Load Region LR$$.ARM.__AT_0x680F0000 (Base: 0x680f0000, Size: 0x00000000, Max: 0x0000f000, ABSOLUTE)

    Execution Region ER$$.ARM.__AT_0x680F0000 (Exec base: 0x680f0000, Load base: 0x680f0000, Size: 0x0000f000, Max: 0x0000f000, ABSOLUTE, UNINIT)

    Exec Addr    Load Addr    Size         Type   Attr      Idx    E Section Name        Object

    0x680f0000        -       0x0000f000   Zero   RW          727    .ARM.__AT_0x680F0000  malloc.o


==============================================================================

Image component sizes


      Code (inc. data)   RO Data    RW Data    ZI Data      Debug   Object Name

        84          4          0          0          0       4905   application.o
       208         18          0          4          0       1057   beep_dri.o
       420         54          0          0          0       2044   can_app.o
      5400        432          0        220         40      19473   can_dri.o
        56          8        512          0          0       1286   crc.o
       296         18          0          4          0       1869   delay.o
         0          0          0        178        590     316400   globaldata.o
       236         76         67          0          0        804   led_app.o
       968         20          0          0         10       3036   led_dri.o
       556         18         36         36    1098880       5105   malloc.o
       224         20          0          0          0       1841   misc.o
       688         24          0         50        208       2324   modbus.o
       344         32          0          4          0       1802   modbus_app.o
      3200        992        155          0      35328      33194   myconfig.o
      2184        218        256         68       3924      14850   os_core.o
       200         32          0          0          0        340   os_cpu_a.o
       452          6          0          0          0      10229   os_cpu_c.o
       972         16          0          0          0       4350   os_mbox.o
      1512         30          0          0          0       5809   os_q.o
       908         18          0          0          0       4082   os_sem.o
      1972         68          0          0          0       7877   os_task.o
       432         30          0          0          0       1890   os_time.o
        64         26        392          0       1536        848   startup_stm32f40_41xxx.o
       216         12          0          0          0       1568   state_app.o
      1084         46          0          0          0       1880   stepmotor_app.o
      1620        136          0         18          0       4936   stepmotor_dir.o
      2480         36          0          0          0       8188   stm32f4xx_can.o
       660         44          0          0          0       4185   stm32f4xx_gpio.o
        22          0          0          0          0       1047   stm32f4xx_it.o
      1628         52          0         16          0      13068   stm32f4xx_rcc.o
      1152         36          0          0          0       6933   stm32f4xx_spi.o
      3234         60          0          0          0      23040   stm32f4xx_tim.o
      1108         34          0          0          0       7908   stm32f4xx_usart.o
       528         46          0         20          0       1811   system_stm32f4xx.o
       164          6          0          0          0        692   timer_app.o
       360         20          0          2          0       2104   timer_dri.o
      2496        488        134          0          0       3655   trackmission_app.o
      2432        114          0         16          0       6194   trackmission_dri.o
      4204        192          0          4          0       8257   transitionfunction.o
       668         24          0          1          0       1978   uart_drv.o
       344         22          0          6        200       3342   usart.o
      1512         42          0          2       6144       6391   w25qxx_dir.o

    ----------------------------------------------------------------------
     47292       3570       1588        660    1146872     552592   Object Totals
         0          0         32          0          0          0   (incl. Generated)
         4          0          4         11         12          0   (incl. Padding)

    ----------------------------------------------------------------------

      Code (inc. data)   RO Data    RW Data    ZI Data      Debug   Library Member Name

        90          0          0          0          0          0   __dczerorl2.o
         8          0          0          0          0         68   __main.o
       184          0          0          0          0         84   __printf_ss.o
         0          0          0          0          0          0   __rtentry.o
        12          0          0          0          0          0   __rtentry2.o
         6          0          0          0          0          0   __rtentry4.o
        52          8          0          0          0          0   __scatter.o
        28          0          0          0          0          0   __scatter_zi.o
        48          6          0          0          0         96   _printf_char_common.o
        36          4          0          0          0         80   _printf_char_file.o
         6          0          0          0          0          0   _printf_d.o
       120         16          0          0          0         92   _printf_dec.o
       178          0          0          0          0         88   _printf_intcommon.o
        10          0          0          0          0          0   _printf_ll.o
         6          0          0          0          0          0   _printf_llu.o
       124         16          0          0          0         92   _printf_longlong_dec.o
         0          0          0          0          0          0   _printf_percent.o
         4          0          0          0          0          0   _printf_percent_end.o
        16          0          0          0          0         68   aeabi_memset.o
        18          0          0          0          0         80   exit.o
         8          0          0          0          0         68   ferror.o
         6          0          0          0          0        152   heapauxi.o
         2          0          0          0          0          0   libinit.o
         6          0          0          0          0          0   libinit2.o
         2          0          0          0          0          0   libshutdown.o
         2          0          0          0          0          0   libshutdown2.o
         8          4          0          0         96         68   libspace.o
       138          0          0          0          0         80   lludiv10.o
        88          0          0          0          0         76   memcmp.o
        24          4          0          0          0         84   noretval__2printf.o
        68          0          0          0          0         68   rt_memclr.o
        78          0          0          0          0         80   rt_memclr_w.o
       138          0          0          0          0         68   rt_memcpy_v6.o
       100          0          0          0          0         80   rt_memcpy_w.o
         2          0          0          0          0          0   rtexit.o
        10          0          0          0          0          0   rtexit2.o
        74          0          0          0          0         80   sys_stackheap_outer.o
         2          0          0          0          0         68   use_no_semi.o
         2          0          0          0          0         68   use_no_semi_2.o
        10          0          0          0          0        116   fpinit.o

    ----------------------------------------------------------------------
      1720         58          0          0        100       1904   Library Totals
         6          0          0          0          4          0   (incl. Padding)

    ----------------------------------------------------------------------

      Code (inc. data)   RO Data    RW Data    ZI Data      Debug   Library Name

      1704         58          0          0         96       1788   c_w.l
        10          0          0          0          0        116   fz_wm.l

    ----------------------------------------------------------------------
      1720         58          0          0        100       1904   Library Totals

    ----------------------------------------------------------------------

==============================================================================


      Code (inc. data)   RO Data    RW Data    ZI Data      Debug   

     49012       3628       1588        660    1146972     545860   Grand Totals
     49012       3628       1588        212    1146972     545860   ELF Image Totals (compressed)
     49012       3628       1588        212          0          0   ROM Totals

==============================================================================

    Total RO  Size (Code + RO Data)                50600 (  49.41kB)
    Total RW  Size (RW Data + ZI Data)           1147632 (1120.73kB)
    Total ROM Size (Code + RO Data + RW Data)      50812 (  49.62kB)

==============================================================================

